✔ Enter após dois pontos (2.089394ms)
✔ Enter mantém bloco (0.279042ms)
✔ Enter após comentário (0.23028ms)
✔ Enter ignora # em string (0.263639ms)
✔ Tab acrescenta quatro espaços (0.247276ms)
✔ Shift Tab recua (0.350427ms)
✔ Shift Tab recua parcial (1.548606ms)
✔ Shift Tab no nível zero (0.13537ms)
✔ Tab e Shift Tab em seleção multilinha preservam linhas externas (1.123909ms)
✔ Enter substitui seleção sem apagar o restante (3.850944ms)
✔ else retorna ao nível do if (0.58256ms)
✔ elif em bloco aninhado alinha com if interno (0.317599ms)
✔ Editor: eventos reais do componente, numeração, erro, scroll e limpeza (0.824137ms)
✔ Zoom inicial, mínimo e máximo (0.410817ms)
✔ Zoom mantém ponto sob cursor fora dos limites (0.230391ms)
✔ Pan considera zoom e limita os quatro lados (0.892107ms)
✔ Mapa menor que viewport permanece centralizado (0.248587ms)
✔ Acompanhamento aproxima suavemente e converge (0.738981ms)
✔ Câmera integra eventos, recenter, viewport Phaser e remoção de listeners (2.677032ms)
✔ Todos os spritesheets têm quadros compatíveis com as dimensões PNG (15.79666ms)
✔ Contrato CSS: livro limitado, áreas roláveis e rodapé não encolhe (análise estática) (0.523092ms)
✔ Atividade 15: poder 25, portal 1 (17.512312ms)
✔ Atividade 15: poder 25, portal 2 (9.02236ms)
✔ Atividade 15: poder 25, portal 3 (7.321093ms)
✔ Atividade 15: poder 15, portal 1 (5.913119ms)
✔ Atividade 15: poder 15, portal 2 (4.194392ms)
✔ Atividade 15: poder 15, portal 3 (4.364754ms)
✔ Atividade 15: poder 5, portal 1 (5.591604ms)
✔ Atividade 15: poder 5, portal 2 (5.221419ms)
✔ Atividade 15: poder 5, portal 3 (6.293762ms)
✔ Atividade 15: poder 20, portal 1 (7.152449ms)
✔ Atividade 15: poder 20, portal 2 (7.136315ms)
✔ Atividade 15: poder 20, portal 3 (2.689971ms)
✔ Atividade 15: poder 10, portal 1 (3.171993ms)
✔ Atividade 15: poder 10, portal 2 (5.113519ms)
✔ Atividade 15: poder 10, portal 3 (5.158305ms)
✔ Atividade 15: poder 9, portal 1 (4.91815ms)
✔ Atividade 15: poder 9, portal 2 (6.880597ms)
✔ Atividade 15: poder 9, portal 3 (2.588462ms)
✔ Solução oficial completa da 15 preservada: 25 (8.388874ms)
✔ Solução oficial completa da 15 preservada: 15 (5.685533ms)
✔ Solução oficial completa da 15 preservada: 5 (5.665143ms)
✔ Programa com classificação forçada incorreta não recompensa: 25 como 5 (7.090217ms)
✔ Programa com classificação forçada incorreta não recompensa: 15 como 25 (5.331681ms)
✔ Programa com classificação forçada incorreta não recompensa: 5 como 15 (4.90445ms)
✔ Conceito e comando em ramo não executado não satisfazem objetivo (3.782114ms)
✔ Loop sem iteração não satisfaz objetivo de repetição (4.053644ms)
✔ Portal sem input não ativa nem recebe correctPortal (5.734245ms)
✔ Novas sprites substituem escudos, estante e bandeira nos papéis principais (5.39216ms)
✔ Python: if/elif/else e duas camadas (19.052727ms)
✔ Python: dois espaços válidos em Python (7.182042ms)
✔ Python: comentários e linhas vazias não definem nível (12.455327ms)
✔ Python: for aninhado e acumulador (5.237242ms)
✔ Python: while, if e break (5.028072ms)
✔ Python: comparação encadeada (5.936504ms)
✔ Python: and/or retornam operandos e curto-circuitam (8.383015ms)
✔ Python: precedência de not (7.76951ms)
✔ Python: int trunca números e aceita inteiros textuais (6.286591ms)
✔ Python: range negativo (6.623978ms)
✔ Python: comparação booleana numérica Python (3.574857ms)
✔ Indentação inválida: fora de bloco (5.242239ms)
✔ Indentação inválida: dedent inexistente (5.062364ms)
✔ Indentação inválida: bloco sem corpo (5.215659ms)
✔ Indentação inválida: else solto (5.528852ms)
✔ Indentação inválida: mistura de tab e espaços (5.548842ms)
✔ Indentação inválida: if sem dois-pontos (2.347265ms)
✔ Indentação inválida: elif após else (2.629102ms)
✔ Entrada/tipo inválido: x = int("") (3.886959ms)
✔ Entrada/tipo inválido: x = int(" ") (3.643198ms)
✔ Entrada/tipo inválido: x = int("3.0") (3.468791ms)
✔ Entrada/tipo inválido: x = int("0x10") (5.021783ms)
✔ Entrada/tipo inválido: x = int("erro") (2.548722ms)
✔ Entrada/tipo inválido: x = "10" >= 2 (3.211331ms)
✔ Entrada/tipo inválido: x = range("2") (3.711249ms)
✔ Entrada/tipo inválido: x = range(1, 2, 0) (4.041136ms)
✔ Entrada/tipo inválido: x = int(1,2) (4.045512ms)
✔ Entrada/tipo inválido: virar_direita(1) (3.74576ms)
✔ Erro em elif informa a própria linha (5.018238ms)
✔ input e print preservam o texto e booleanos Python (6.005627ms)
✔ Palavra da atividade 6: exata (7.936426ms)
✔ Palavra da atividade 6: espaços (9.100399ms)
✔ Palavra da atividade 6: incorreta (8.068481ms)
✔ Palavra da atividade 6: minúscula (8.421642ms)
✔ Palavra da atividade 7: exata (8.673099ms)
✔ Palavra da atividade 7: espaços (7.804572ms)
✔ Palavra da atividade 7: incorreta (3.12258ms)
✔ Palavra da atividade 7: minúscula (3.364507ms)
✔ Input numérico vazio é erro recuperável na atividade 8 (6.69881ms)
✔ Input numérico vazio é erro recuperável na atividade 9 (10.579208ms)
✔ Input numérico vazio é erro recuperável na atividade 10 (13.324391ms)
✔ Input numérico vazio é erro recuperável na atividade 13 (5.084996ms)
✔ Input numérico vazio é erro recuperável na atividade 15 (6.722965ms)
✔ Atividade 1: solução com blocos de 2 espaços e comentários (5.717311ms)
✔ Atividade 2: solução com blocos de 2 espaços e comentários (4.648763ms)
✔ Atividade 3: solução com blocos de 2 espaços e comentários (6.077502ms)
✔ Atividade 4: solução com blocos de 2 espaços e comentários (5.327094ms)
✔ Atividade 5: solução com blocos de 2 espaços e comentários (5.122162ms)
✔ Atividade 6: solução com blocos de 2 espaços e comentários (4.818944ms)
✔ Atividade 7: solução com blocos de 2 espaços e comentários (5.24974ms)
✔ Atividade 8: solução com blocos de 2 espaços e comentários (5.650783ms)
✔ Atividade 9: solução com blocos de 2 espaços e comentários (6.716906ms)
✔ Atividade 10: solução com blocos de 2 espaços e comentários (4.54512ms)
✔ Atividade 11: solução com blocos de 2 espaços e comentários (3.776625ms)
✔ Atividade 12: solução com blocos de 2 espaços e comentários (6.621825ms)
✔ Atividade 13: solução com blocos de 2 espaços e comentários (7.530106ms)
✔ Atividade 14: solução com blocos de 2 espaços e comentários (10.334306ms)
✔ Atividade 15: solução com blocos de 2 espaços e comentários (8.619279ms)
✔ Atividade 16: solução com blocos de 2 espaços e comentários (10.601421ms)
✔ Atividade 17: solução com blocos de 2 espaços e comentários (11.928139ms)
✔ Atividade 18: solução com blocos de 2 espaços e comentários (6.29937ms)
✔ Atividade 19: solução com blocos de 2 espaços e comentários (6.756364ms)
✔ Atividade 20: solução com blocos de 2 espaços e comentários (9.822601ms)
✔ As vinte atividades desbloqueiam em ordem, com replay idempotente (80.096595ms)
✔ Persistência continua em memória quando localStorage falha (10.046371ms)
✔ M01 libera a pressão ao sair e M02 não alterna duas vezes na mesma entrada (5.130134ms)
✔ M03 alterna alavanca e restaura a conexão (5.830287ms)
✔ Objetivos físicos atualizam durante o movimento (5.241458ms)
✔ Dados do jogador são publicados sem ler testInputs ou officialSolution (11.099106ms)
✔ Todos os assets oficiais e scripts referenciados existem (3.533065ms)
✔ Atividade 12: pisar novamente na placa mantém o sensor coerente com as duas rotas (3.006008ms)
✔ UI/renderer real com adaptadores: atividade 1, solução, replay e limpeza (46.061971ms)
✔ UI/renderer real com adaptadores: atividade 2, solução, replay e limpeza (12.86973ms)
✔ UI/renderer real com adaptadores: atividade 3, solução, replay e limpeza (17.26684ms)
✔ UI/renderer real com adaptadores: atividade 4, solução, replay e limpeza (11.497964ms)
✔ UI/renderer real com adaptadores: atividade 5, solução, replay e limpeza (11.502521ms)
✔ UI/renderer real com adaptadores: atividade 6, solução, replay e limpeza (13.355466ms)
✔ UI/renderer real com adaptadores: atividade 7, solução, replay e limpeza (13.649435ms)
✔ UI/renderer real com adaptadores: atividade 8, solução, replay e limpeza (16.721866ms)
✔ UI/renderer real com adaptadores: atividade 9, solução, replay e limpeza (16.562181ms)
✔ UI/renderer real com adaptadores: atividade 10, solução, replay e limpeza (59.001903ms)
✔ UI/renderer real com adaptadores: atividade 11, solução, replay e limpeza (14.348503ms)
✔ UI/renderer real com adaptadores: atividade 12, solução, replay e limpeza (11.421621ms)
✔ UI/renderer real com adaptadores: atividade 13, solução, replay e limpeza (19.619193ms)
✔ UI/renderer real com adaptadores: atividade 14, solução, replay e limpeza (19.326412ms)
✔ UI/renderer real com adaptadores: atividade 15, solução, replay e limpeza (24.568335ms)
✔ UI/renderer real com adaptadores: atividade 16, solução, replay e limpeza (14.40074ms)
✔ UI/renderer real com adaptadores: atividade 17, solução, replay e limpeza (16.495482ms)
✔ UI/renderer real com adaptadores: atividade 18, solução, replay e limpeza (17.402942ms)
✔ UI/renderer real com adaptadores: atividade 19, solução, replay e limpeza (16.607878ms)
✔ UI/renderer real com adaptadores: atividade 20, solução, replay e limpeza (43.330989ms)
✔ Feedback extenso preserva controles e conteúdo como texto (sem medição CSS) (10.75017ms)
✔ input mostra pergunta, recebe texto exato, fecha e permite nova entrada (11.337948ms)
✔ Restaurar durante input cancela execução sem perder vidas (42.252777ms)
✔ Anterior/próxima preservam rascunho e usam fade; fase bloqueada não navega (20.629515ms)
✔ Todos os estados visuais das entidades apontam para texturas catalogadas (10.484619ms)
✔ Menu mostra progresso e abre a atividade disponível sem perfil (6.61114ms)
ℹ tests 146
ℹ suites 0
ℹ pass 146
ℹ fail 0
ℹ cancelled 0
ℹ skipped 0
ℹ todo 0
ℹ duration_ms 669.812873
