TAP version 13
# Subtest: Enter após dois pontos
ok 1 - Enter após dois pontos
  ---
  duration_ms: 2.455733
  type: 'test'
  ...
# Subtest: Enter mantém bloco
ok 2 - Enter mantém bloco
  ---
  duration_ms: 0.392802
  type: 'test'
  ...
# Subtest: Enter após comentário
ok 3 - Enter após comentário
  ---
  duration_ms: 0.241153
  type: 'test'
  ...
# Subtest: Enter ignora \# em string
ok 4 - Enter ignora \# em string
  ---
  duration_ms: 0.202826
  type: 'test'
  ...
# Subtest: Tab acrescenta quatro espaços
ok 5 - Tab acrescenta quatro espaços
  ---
  duration_ms: 0.892005
  type: 'test'
  ...
# Subtest: Shift Tab recua
ok 6 - Shift Tab recua
  ---
  duration_ms: 1.712052
  type: 'test'
  ...
# Subtest: Shift Tab recua parcial
ok 7 - Shift Tab recua parcial
  ---
  duration_ms: 0.167612
  type: 'test'
  ...
# Subtest: Shift Tab no nível zero
ok 8 - Shift Tab no nível zero
  ---
  duration_ms: 0.130937
  type: 'test'
  ...
# Subtest: Tab e Shift Tab em seleção multilinha preservam linhas externas
ok 9 - Tab e Shift Tab em seleção multilinha preservam linhas externas
  ---
  duration_ms: 0.334875
  type: 'test'
  ...
# Subtest: Enter substitui seleção sem apagar o restante
ok 10 - Enter substitui seleção sem apagar o restante
  ---
  duration_ms: 0.409818
  type: 'test'
  ...
# Subtest: else retorna ao nível do if
ok 11 - else retorna ao nível do if
  ---
  duration_ms: 0.899897
  type: 'test'
  ...
# Subtest: elif em bloco aninhado alinha com if interno
ok 12 - elif em bloco aninhado alinha com if interno
  ---
  duration_ms: 0.372161
  type: 'test'
  ...
# Subtest: Editor: eventos reais do componente, numeração, erro, scroll e limpeza
ok 13 - Editor: eventos reais do componente, numeração, erro, scroll e limpeza
  ---
  duration_ms: 3.698957
  type: 'test'
  ...
# Subtest: Zoom inicial, mínimo e máximo
ok 14 - Zoom inicial, mínimo e máximo
  ---
  duration_ms: 0.431671
  type: 'test'
  ...
# Subtest: Zoom mantém ponto sob cursor fora dos limites
ok 15 - Zoom mantém ponto sob cursor fora dos limites
  ---
  duration_ms: 0.233603
  type: 'test'
  ...
# Subtest: Pan considera zoom e limita os quatro lados
ok 16 - Pan considera zoom e limita os quatro lados
  ---
  duration_ms: 0.410189
  type: 'test'
  ...
# Subtest: Mapa menor que viewport permanece centralizado
ok 17 - Mapa menor que viewport permanece centralizado
  ---
  duration_ms: 0.271429
  type: 'test'
  ...
# Subtest: Acompanhamento aproxima suavemente e converge
ok 18 - Acompanhamento aproxima suavemente e converge
  ---
  duration_ms: 0.744763
  type: 'test'
  ...
# Subtest: Câmera integra eventos, recenter, viewport Phaser e remoção de listeners
ok 19 - Câmera integra eventos, recenter, viewport Phaser e remoção de listeners
  ---
  duration_ms: 2.69252
  type: 'test'
  ...
# Subtest: Todos os spritesheets têm quadros compatíveis com as dimensões PNG
ok 20 - Todos os spritesheets têm quadros compatíveis com as dimensões PNG
  ---
  duration_ms: 19.481764
  type: 'test'
  ...
# Subtest: Contrato CSS: livro limitado, áreas roláveis e rodapé não encolhe (análise estática)
ok 21 - Contrato CSS: livro limitado, áreas roláveis e rodapé não encolhe (análise estática)
  ---
  duration_ms: 0.747827
  type: 'test'
  ...
# Subtest: Atividade 15: poder 25, portal 1
ok 22 - Atividade 15: poder 25, portal 1
  ---
  duration_ms: 20.764038
  type: 'test'
  ...
# Subtest: Atividade 15: poder 25, portal 2
ok 23 - Atividade 15: poder 25, portal 2
  ---
  duration_ms: 11.758519
  type: 'test'
  ...
# Subtest: Atividade 15: poder 25, portal 3
ok 24 - Atividade 15: poder 25, portal 3
  ---
  duration_ms: 8.440476
  type: 'test'
  ...
# Subtest: Atividade 15: poder 15, portal 1
ok 25 - Atividade 15: poder 15, portal 1
  ---
  duration_ms: 9.103486
  type: 'test'
  ...
# Subtest: Atividade 15: poder 15, portal 2
ok 26 - Atividade 15: poder 15, portal 2
  ---
  duration_ms: 6.077353
  type: 'test'
  ...
# Subtest: Atividade 15: poder 15, portal 3
ok 27 - Atividade 15: poder 15, portal 3
  ---
  duration_ms: 6.313109
  type: 'test'
  ...
# Subtest: Atividade 15: poder 5, portal 1
ok 28 - Atividade 15: poder 5, portal 1
  ---
  duration_ms: 7.058383
  type: 'test'
  ...
# Subtest: Atividade 15: poder 5, portal 2
ok 29 - Atividade 15: poder 5, portal 2
  ---
  duration_ms: 8.037659
  type: 'test'
  ...
# Subtest: Atividade 15: poder 5, portal 3
ok 30 - Atividade 15: poder 5, portal 3
  ---
  duration_ms: 8.787158
  type: 'test'
  ...
# Subtest: Atividade 15: poder 20, portal 1
ok 31 - Atividade 15: poder 20, portal 1
  ---
  duration_ms: 12.733049
  type: 'test'
  ...
# Subtest: Atividade 15: poder 20, portal 2
ok 32 - Atividade 15: poder 20, portal 2
  ---
  duration_ms: 12.155889
  type: 'test'
  ...
# Subtest: Atividade 15: poder 20, portal 3
ok 33 - Atividade 15: poder 20, portal 3
  ---
  duration_ms: 5.288314
  type: 'test'
  ...
# Subtest: Atividade 15: poder 10, portal 1
ok 34 - Atividade 15: poder 10, portal 1
  ---
  duration_ms: 7.482703
  type: 'test'
  ...
# Subtest: Atividade 15: poder 10, portal 2
ok 35 - Atividade 15: poder 10, portal 2
  ---
  duration_ms: 8.346295
  type: 'test'
  ...
# Subtest: Atividade 15: poder 10, portal 3
ok 36 - Atividade 15: poder 10, portal 3
  ---
  duration_ms: 9.61043
  type: 'test'
  ...
# Subtest: Atividade 15: poder 9, portal 1
ok 37 - Atividade 15: poder 9, portal 1
  ---
  duration_ms: 9.461836
  type: 'test'
  ...
# Subtest: Atividade 15: poder 9, portal 2
ok 38 - Atividade 15: poder 9, portal 2
  ---
  duration_ms: 11.231515
  type: 'test'
  ...
# Subtest: Atividade 15: poder 9, portal 3
ok 39 - Atividade 15: poder 9, portal 3
  ---
  duration_ms: 4.909903
  type: 'test'
  ...
# Subtest: Solução oficial completa da 15 preservada: 25
ok 40 - Solução oficial completa da 15 preservada: 25
  ---
  duration_ms: 12.366556
  type: 'test'
  ...
# Subtest: Solução oficial completa da 15 preservada: 15
ok 41 - Solução oficial completa da 15 preservada: 15
  ---
  duration_ms: 7.559267
  type: 'test'
  ...
# Subtest: Solução oficial completa da 15 preservada: 5
ok 42 - Solução oficial completa da 15 preservada: 5
  ---
  duration_ms: 16.554125
  type: 'test'
  ...
# Subtest: Programa com classificação forçada incorreta não recompensa: 25 como 5
ok 43 - Programa com classificação forçada incorreta não recompensa: 25 como 5
  ---
  duration_ms: 7.867512
  type: 'test'
  ...
# Subtest: Programa com classificação forçada incorreta não recompensa: 15 como 25
ok 44 - Programa com classificação forçada incorreta não recompensa: 15 como 25
  ---
  duration_ms: 8.797885
  type: 'test'
  ...
# Subtest: Programa com classificação forçada incorreta não recompensa: 5 como 15
ok 45 - Programa com classificação forçada incorreta não recompensa: 5 como 15
  ---
  duration_ms: 9.187754
  type: 'test'
  ...
# Subtest: Conceito e comando em ramo não executado não satisfazem objetivo
ok 46 - Conceito e comando em ramo não executado não satisfazem objetivo
  ---
  duration_ms: 7.001212
  type: 'test'
  ...
# Subtest: Loop sem iteração não satisfaz objetivo de repetição
ok 47 - Loop sem iteração não satisfaz objetivo de repetição
  ---
  duration_ms: 12.294167
  type: 'test'
  ...
# Subtest: Portal sem input não ativa nem recebe correctPortal
ok 48 - Portal sem input não ativa nem recebe correctPortal
  ---
  duration_ms: 9.30506
  type: 'test'
  ...
# Subtest: Novas sprites substituem escudos, estante e bandeira nos papéis principais
ok 49 - Novas sprites substituem escudos, estante e bandeira nos papéis principais
  ---
  duration_ms: 10.395414
  type: 'test'
  ...
# Subtest: Python: if/elif/else e duas camadas
ok 50 - Python: if/elif/else e duas camadas
  ---
  duration_ms: 26.889012
  type: 'test'
  ...
# Subtest: Python: dois espaços válidos em Python
ok 51 - Python: dois espaços válidos em Python
  ---
  duration_ms: 8.67483
  type: 'test'
  ...
# Subtest: Python: comentários e linhas vazias não definem nível
ok 52 - Python: comentários e linhas vazias não definem nível
  ---
  duration_ms: 11.02931
  type: 'test'
  ...
# Subtest: Python: for aninhado e acumulador
ok 53 - Python: for aninhado e acumulador
  ---
  duration_ms: 8.398683
  type: 'test'
  ...
# Subtest: Python: while, if e break
ok 54 - Python: while, if e break
  ---
  duration_ms: 5.943101
  type: 'test'
  ...
# Subtest: Python: comparação encadeada
ok 55 - Python: comparação encadeada
  ---
  duration_ms: 7.64033
  type: 'test'
  ...
# Subtest: Python: and/or retornam operandos e curto-circuitam
ok 56 - Python: and/or retornam operandos e curto-circuitam
  ---
  duration_ms: 8.325674
  type: 'test'
  ...
# Subtest: Python: precedência de not
ok 57 - Python: precedência de not
  ---
  duration_ms: 8.404963
  type: 'test'
  ...
# Subtest: Python: int trunca números e aceita inteiros textuais
ok 58 - Python: int trunca números e aceita inteiros textuais
  ---
  duration_ms: 11.301961
  type: 'test'
  ...
# Subtest: Python: range negativo
ok 59 - Python: range negativo
  ---
  duration_ms: 6.839282
  type: 'test'
  ...
# Subtest: Python: comparação booleana numérica Python
ok 60 - Python: comparação booleana numérica Python
  ---
  duration_ms: 5.462676
  type: 'test'
  ...
# Subtest: Indentação inválida: fora de bloco
ok 61 - Indentação inválida: fora de bloco
  ---
  duration_ms: 6.816893
  type: 'test'
  ...
# Subtest: Indentação inválida: dedent inexistente
ok 62 - Indentação inválida: dedent inexistente
  ---
  duration_ms: 4.60952
  type: 'test'
  ...
# Subtest: Indentação inválida: bloco sem corpo
ok 63 - Indentação inválida: bloco sem corpo
  ---
  duration_ms: 3.115998
  type: 'test'
  ...
# Subtest: Indentação inválida: else solto
ok 64 - Indentação inválida: else solto
  ---
  duration_ms: 4.675054
  type: 'test'
  ...
# Subtest: Indentação inválida: mistura de tab e espaços
ok 65 - Indentação inválida: mistura de tab e espaços
  ---
  duration_ms: 4.780027
  type: 'test'
  ...
# Subtest: Indentação inválida: if sem dois-pontos
ok 66 - Indentação inválida: if sem dois-pontos
  ---
  duration_ms: 4.579805
  type: 'test'
  ...
# Subtest: Indentação inválida: elif após else
ok 67 - Indentação inválida: elif após else
  ---
  duration_ms: 4.557491
  type: 'test'
  ...
# Subtest: Entrada/tipo inválido: x = int("")
ok 68 - Entrada/tipo inválido: x = int("")
  ---
  duration_ms: 4.978135
  type: 'test'
  ...
# Subtest: Entrada/tipo inválido: x = int(" ")
ok 69 - Entrada/tipo inválido: x = int(" ")
  ---
  duration_ms: 4.699346
  type: 'test'
  ...
# Subtest: Entrada/tipo inválido: x = int("3.0")
ok 70 - Entrada/tipo inválido: x = int("3.0")
  ---
  duration_ms: 4.703262
  type: 'test'
  ...
# Subtest: Entrada/tipo inválido: x = int("0x10")
ok 71 - Entrada/tipo inválido: x = int("0x10")
  ---
  duration_ms: 7.154818
  type: 'test'
  ...
# Subtest: Entrada/tipo inválido: x = int("erro")
ok 72 - Entrada/tipo inválido: x = int("erro")
  ---
  duration_ms: 4.674377
  type: 'test'
  ...
# Subtest: Entrada/tipo inválido: x = "10" >= 2
ok 73 - Entrada/tipo inválido: x = "10" >= 2
  ---
  duration_ms: 4.906538
  type: 'test'
  ...
# Subtest: Entrada/tipo inválido: x = range("2")
ok 74 - Entrada/tipo inválido: x = range("2")
  ---
  duration_ms: 4.686456
  type: 'test'
  ...
# Subtest: Entrada/tipo inválido: x = range(1, 2, 0)
ok 75 - Entrada/tipo inválido: x = range(1, 2, 0)
  ---
  duration_ms: 5.063345
  type: 'test'
  ...
# Subtest: Entrada/tipo inválido: x = int(1,2)
ok 76 - Entrada/tipo inválido: x = int(1,2)
  ---
  duration_ms: 4.606335
  type: 'test'
  ...
# Subtest: Entrada/tipo inválido: virar_direita(1)
ok 77 - Entrada/tipo inválido: virar_direita(1)
  ---
  duration_ms: 4.513125
  type: 'test'
  ...
# Subtest: Erro em elif informa a própria linha
ok 78 - Erro em elif informa a própria linha
  ---
  duration_ms: 5.215754
  type: 'test'
  ...
# Subtest: input e print preservam o texto e booleanos Python
ok 79 - input e print preservam o texto e booleanos Python
  ---
  duration_ms: 5.234813
  type: 'test'
  ...
# Subtest: Palavra da atividade 6: exata
ok 80 - Palavra da atividade 6: exata
  ---
  duration_ms: 7.676364
  type: 'test'
  ...
# Subtest: Palavra da atividade 6: espaços
ok 81 - Palavra da atividade 6: espaços
  ---
  duration_ms: 6.658289
  type: 'test'
  ...
# Subtest: Palavra da atividade 6: incorreta
ok 82 - Palavra da atividade 6: incorreta
  ---
  duration_ms: 5.965034
  type: 'test'
  ...
# Subtest: Palavra da atividade 6: minúscula
ok 83 - Palavra da atividade 6: minúscula
  ---
  duration_ms: 6.084654
  type: 'test'
  ...
# Subtest: Palavra da atividade 7: exata
ok 84 - Palavra da atividade 7: exata
  ---
  duration_ms: 18.242356
  type: 'test'
  ...
# Subtest: Palavra da atividade 7: espaços
ok 85 - Palavra da atividade 7: espaços
  ---
  duration_ms: 6.547011
  type: 'test'
  ...
# Subtest: Palavra da atividade 7: incorreta
ok 86 - Palavra da atividade 7: incorreta
  ---
  duration_ms: 5.696829
  type: 'test'
  ...
# Subtest: Palavra da atividade 7: minúscula
ok 87 - Palavra da atividade 7: minúscula
  ---
  duration_ms: 16.274638
  type: 'test'
  ...
# Subtest: Input numérico vazio é erro recuperável na atividade 8
ok 88 - Input numérico vazio é erro recuperável na atividade 8
  ---
  duration_ms: 22.189982
  type: 'test'
  ...
# Subtest: Input numérico vazio é erro recuperável na atividade 9
ok 89 - Input numérico vazio é erro recuperável na atividade 9
  ---
  duration_ms: 6.799903
  type: 'test'
  ...
# Subtest: Input numérico vazio é erro recuperável na atividade 10
ok 90 - Input numérico vazio é erro recuperável na atividade 10
  ---
  duration_ms: 11.191524
  type: 'test'
  ...
# Subtest: Input numérico vazio é erro recuperável na atividade 13
ok 91 - Input numérico vazio é erro recuperável na atividade 13
  ---
  duration_ms: 13.141354
  type: 'test'
  ...
# Subtest: Input numérico vazio é erro recuperável na atividade 15
ok 92 - Input numérico vazio é erro recuperável na atividade 15
  ---
  duration_ms: 13.372943
  type: 'test'
  ...
# Subtest: Atividade 1: solução com blocos de 2 espaços e comentários
ok 93 - Atividade 1: solução com blocos de 2 espaços e comentários
  ---
  duration_ms: 7.558106
  type: 'test'
  ...
# Subtest: Atividade 2: solução com blocos de 2 espaços e comentários
ok 94 - Atividade 2: solução com blocos de 2 espaços e comentários
  ---
  duration_ms: 7.542692
  type: 'test'
  ...
# Subtest: Atividade 3: solução com blocos de 2 espaços e comentários
ok 95 - Atividade 3: solução com blocos de 2 espaços e comentários
  ---
  duration_ms: 7.703244
  type: 'test'
  ...
# Subtest: Atividade 4: solução com blocos de 2 espaços e comentários
ok 96 - Atividade 4: solução com blocos de 2 espaços e comentários
  ---
  duration_ms: 8.185597
  type: 'test'
  ...
# Subtest: Atividade 5: solução com blocos de 2 espaços e comentários
ok 97 - Atividade 5: solução com blocos de 2 espaços e comentários
  ---
  duration_ms: 9.163346
  type: 'test'
  ...
# Subtest: Atividade 6: solução com blocos de 2 espaços e comentários
ok 98 - Atividade 6: solução com blocos de 2 espaços e comentários
  ---
  duration_ms: 10.410006
  type: 'test'
  ...
# Subtest: Atividade 7: solução com blocos de 2 espaços e comentários
ok 99 - Atividade 7: solução com blocos de 2 espaços e comentários
  ---
  duration_ms: 7.012373
  type: 'test'
  ...
# Subtest: Atividade 8: solução com blocos de 2 espaços e comentários
ok 100 - Atividade 8: solução com blocos de 2 espaços e comentários
  ---
  duration_ms: 7.405015
  type: 'test'
  ...
# Subtest: Atividade 9: solução com blocos de 2 espaços e comentários
ok 101 - Atividade 9: solução com blocos de 2 espaços e comentários
  ---
  duration_ms: 10.163184
  type: 'test'
  ...
# Subtest: Atividade 10: solução com blocos de 2 espaços e comentários
ok 102 - Atividade 10: solução com blocos de 2 espaços e comentários
  ---
  duration_ms: 17.679126
  type: 'test'
  ...
# Subtest: Atividade 11: solução com blocos de 2 espaços e comentários
ok 103 - Atividade 11: solução com blocos de 2 espaços e comentários
  ---
  duration_ms: 12.092293
  type: 'test'
  ...
# Subtest: Atividade 12: solução com blocos de 2 espaços e comentários
ok 104 - Atividade 12: solução com blocos de 2 espaços e comentários
  ---
  duration_ms: 13.9944
  type: 'test'
  ...
# Subtest: Atividade 13: solução com blocos de 2 espaços e comentários
ok 105 - Atividade 13: solução com blocos de 2 espaços e comentários
  ---
  duration_ms: 12.370141
  type: 'test'
  ...
# Subtest: Atividade 14: solução com blocos de 2 espaços e comentários
ok 106 - Atividade 14: solução com blocos de 2 espaços e comentários
  ---
  duration_ms: 15.777759
  type: 'test'
  ...
# Subtest: Atividade 15: solução com blocos de 2 espaços e comentários
ok 107 - Atividade 15: solução com blocos de 2 espaços e comentários
  ---
  duration_ms: 7.126105
  type: 'test'
  ...
# Subtest: Atividade 16: solução com blocos de 2 espaços e comentários
ok 108 - Atividade 16: solução com blocos de 2 espaços e comentários
  ---
  duration_ms: 7.206305
  type: 'test'
  ...
# Subtest: Atividade 17: solução com blocos de 2 espaços e comentários
ok 109 - Atividade 17: solução com blocos de 2 espaços e comentários
  ---
  duration_ms: 8.737644
  type: 'test'
  ...
# Subtest: Atividade 18: solução com blocos de 2 espaços e comentários
ok 110 - Atividade 18: solução com blocos de 2 espaços e comentários
  ---
  duration_ms: 10.204816
  type: 'test'
  ...
# Subtest: Atividade 19: solução com blocos de 2 espaços e comentários
ok 111 - Atividade 19: solução com blocos de 2 espaços e comentários
  ---
  duration_ms: 9.00608
  type: 'test'
  ...
# Subtest: Atividade 20: solução com blocos de 2 espaços e comentários
ok 112 - Atividade 20: solução com blocos de 2 espaços e comentários
  ---
  duration_ms: 11.895256
  type: 'test'
  ...
# Subtest: As vinte atividades desbloqueiam em ordem, com replay idempotente
ok 113 - As vinte atividades desbloqueiam em ordem, com replay idempotente
  ---
  duration_ms: 147.591104
  type: 'test'
  ...
# Subtest: Persistência continua em memória quando localStorage falha
ok 114 - Persistência continua em memória quando localStorage falha
  ---
  duration_ms: 8.729772
  type: 'test'
  ...
# Subtest: M01 libera a pressão ao sair e M02 não alterna duas vezes na mesma entrada
ok 115 - M01 libera a pressão ao sair e M02 não alterna duas vezes na mesma entrada
  ---
  duration_ms: 3.850896
  type: 'test'
  ...
# Subtest: M03 alterna alavanca e restaura a conexão
ok 116 - M03 alterna alavanca e restaura a conexão
  ---
  duration_ms: 5.004636
  type: 'test'
  ...
# Subtest: Objetivos físicos atualizam durante o movimento
ok 117 - Objetivos físicos atualizam durante o movimento
  ---
  duration_ms: 6.441683
  type: 'test'
  ...
# Subtest: Dados do jogador são publicados sem ler testInputs ou officialSolution
ok 118 - Dados do jogador são publicados sem ler testInputs ou officialSolution
  ---
  duration_ms: 7.320789
  type: 'test'
  ...
# Subtest: Todos os assets oficiais e scripts referenciados existem
ok 119 - Todos os assets oficiais e scripts referenciados existem
  ---
  duration_ms: 8.739868
  type: 'test'
  ...
# Subtest: Atividade 12: pisar novamente na placa mantém o sensor coerente com as duas rotas
ok 120 - Atividade 12: pisar novamente na placa mantém o sensor coerente com as duas rotas
  ---
  duration_ms: 10.107339
  type: 'test'
  ...
# Subtest: UI/renderer real com adaptadores: atividade 1, solução, replay e limpeza
ok 121 - UI/renderer real com adaptadores: atividade 1, solução, replay e limpeza
  ---
  duration_ms: 65.204644
  type: 'test'
  ...
# Subtest: UI/renderer real com adaptadores: atividade 2, solução, replay e limpeza
ok 122 - UI/renderer real com adaptadores: atividade 2, solução, replay e limpeza
  ---
  duration_ms: 23.169194
  type: 'test'
  ...
# Subtest: UI/renderer real com adaptadores: atividade 3, solução, replay e limpeza
ok 123 - UI/renderer real com adaptadores: atividade 3, solução, replay e limpeza
  ---
  duration_ms: 20.032935
  type: 'test'
  ...
# Subtest: UI/renderer real com adaptadores: atividade 4, solução, replay e limpeza
ok 124 - UI/renderer real com adaptadores: atividade 4, solução, replay e limpeza
  ---
  duration_ms: 24.925301
  type: 'test'
  ...
# Subtest: UI/renderer real com adaptadores: atividade 5, solução, replay e limpeza
ok 125 - UI/renderer real com adaptadores: atividade 5, solução, replay e limpeza
  ---
  duration_ms: 23.379741
  type: 'test'
  ...
# Subtest: UI/renderer real com adaptadores: atividade 6, solução, replay e limpeza
ok 126 - UI/renderer real com adaptadores: atividade 6, solução, replay e limpeza
  ---
  duration_ms: 20.421936
  type: 'test'
  ...
# Subtest: UI/renderer real com adaptadores: atividade 7, solução, replay e limpeza
ok 127 - UI/renderer real com adaptadores: atividade 7, solução, replay e limpeza
  ---
  duration_ms: 22.191991
  type: 'test'
  ...
# Subtest: UI/renderer real com adaptadores: atividade 8, solução, replay e limpeza
ok 128 - UI/renderer real com adaptadores: atividade 8, solução, replay e limpeza
  ---
  duration_ms: 35.734359
  type: 'test'
  ...
# Subtest: UI/renderer real com adaptadores: atividade 9, solução, replay e limpeza
ok 129 - UI/renderer real com adaptadores: atividade 9, solução, replay e limpeza
  ---
  duration_ms: 74.129761
  type: 'test'
  ...
# Subtest: UI/renderer real com adaptadores: atividade 10, solução, replay e limpeza
ok 130 - UI/renderer real com adaptadores: atividade 10, solução, replay e limpeza
  ---
  duration_ms: 84.327758
  type: 'test'
  ...
# Subtest: UI/renderer real com adaptadores: atividade 11, solução, replay e limpeza
ok 131 - UI/renderer real com adaptadores: atividade 11, solução, replay e limpeza
  ---
  duration_ms: 24.806107
  type: 'test'
  ...
# Subtest: UI/renderer real com adaptadores: atividade 12, solução, replay e limpeza
ok 132 - UI/renderer real com adaptadores: atividade 12, solução, replay e limpeza
  ---
  duration_ms: 17.504968
  type: 'test'
  ...
# Subtest: UI/renderer real com adaptadores: atividade 13, solução, replay e limpeza
ok 133 - UI/renderer real com adaptadores: atividade 13, solução, replay e limpeza
  ---
  duration_ms: 31.769882
  type: 'test'
  ...
# Subtest: UI/renderer real com adaptadores: atividade 14, solução, replay e limpeza
ok 134 - UI/renderer real com adaptadores: atividade 14, solução, replay e limpeza
  ---
  duration_ms: 49.724022
  type: 'test'
  ...
# Subtest: UI/renderer real com adaptadores: atividade 15, solução, replay e limpeza
ok 135 - UI/renderer real com adaptadores: atividade 15, solução, replay e limpeza
  ---
  duration_ms: 38.118644
  type: 'test'
  ...
# Subtest: UI/renderer real com adaptadores: atividade 16, solução, replay e limpeza
ok 136 - UI/renderer real com adaptadores: atividade 16, solução, replay e limpeza
  ---
  duration_ms: 25.551065
  type: 'test'
  ...
# Subtest: UI/renderer real com adaptadores: atividade 17, solução, replay e limpeza
ok 137 - UI/renderer real com adaptadores: atividade 17, solução, replay e limpeza
  ---
  duration_ms: 26.463802
  type: 'test'
  ...
# Subtest: UI/renderer real com adaptadores: atividade 18, solução, replay e limpeza
ok 138 - UI/renderer real com adaptadores: atividade 18, solução, replay e limpeza
  ---
  duration_ms: 36.731337
  type: 'test'
  ...
# Subtest: UI/renderer real com adaptadores: atividade 19, solução, replay e limpeza
ok 139 - UI/renderer real com adaptadores: atividade 19, solução, replay e limpeza
  ---
  duration_ms: 33.676246
  type: 'test'
  ...
# Subtest: UI/renderer real com adaptadores: atividade 20, solução, replay e limpeza
ok 140 - UI/renderer real com adaptadores: atividade 20, solução, replay e limpeza
  ---
  duration_ms: 59.562426
  type: 'test'
  ...
# Subtest: Feedback extenso preserva controles e conteúdo como texto (sem medição CSS)
ok 141 - Feedback extenso preserva controles e conteúdo como texto (sem medição CSS)
  ---
  duration_ms: 12.422481
  type: 'test'
  ...
# Subtest: input mostra pergunta, recebe texto exato, fecha e permite nova entrada
ok 142 - input mostra pergunta, recebe texto exato, fecha e permite nova entrada
  ---
  duration_ms: 23.669509
  type: 'test'
  ...
# Subtest: Restaurar durante input cancela execução sem perder vidas
ok 143 - Restaurar durante input cancela execução sem perder vidas
  ---
  duration_ms: 49.237579
  type: 'test'
  ...
# Subtest: Anterior/próxima preservam rascunho e usam fade; fase bloqueada não navega
ok 144 - Anterior/próxima preservam rascunho e usam fade; fase bloqueada não navega
  ---
  duration_ms: 13.770954
  type: 'test'
  ...
# Subtest: Todos os estados visuais das entidades apontam para texturas catalogadas
ok 145 - Todos os estados visuais das entidades apontam para texturas catalogadas
  ---
  duration_ms: 8.062506
  type: 'test'
  ...
# Subtest: Menu mostra progresso e abre a atividade disponível sem perfil
ok 146 - Menu mostra progresso e abre a atividade disponível sem perfil
  ---
  duration_ms: 8.053243
  type: 'test'
  ...
# Subtest: V3 todas as cenas montam mapa, Livro, Diário e controles com dados atuais
ok 147 - V3 todas as cenas montam mapa, Livro, Diário e controles com dados atuais
  ---
  duration_ms: 454.01488
  type: 'test'
  ...
# Subtest: V3 UI registra somente pista lida, preserva entre execuções e limpa ao REINICIAR
ok 148 - V3 UI registra somente pista lida, preserva entre execuções e limpa ao REINICIAR
  ---
  duration_ms: 94.133977
  type: 'test'
  ...
# Subtest: V3 progressão sequencial 1–20, persistência e desbloqueios mantêm valores de recompensa
ok 149 - V3 progressão sequencial 1–20, persistência e desbloqueios mantêm valores de recompensa
  ---
  duration_ms: 575.228021
  type: 'test'
  ...
# Subtest: V3 XP com 1 vida(s) usa o multiplicador preservado
ok 150 - V3 XP com 1 vida(s) usa o multiplicador preservado
  ---
  duration_ms: 34.710545
  type: 'test'
  ...
# Subtest: V3 XP com 2 vida(s) usa o multiplicador preservado
ok 151 - V3 XP com 2 vida(s) usa o multiplicador preservado
  ---
  duration_ms: 41.844522
  type: 'test'
  ...
# Subtest: V3 XP com 3 vida(s) usa o multiplicador preservado
ok 152 - V3 XP com 3 vida(s) usa o multiplicador preservado
  ---
  duration_ms: 53.795591
  type: 'test'
  ...
# Subtest: V3 orçamento rejeita programas grandes antes de mover ou recompensar
ok 153 - V3 orçamento rejeita programas grandes antes de mover ou recompensar
  ---
  duration_ms: 111.252373
  type: 'test'
  ...
# Subtest: V3 segmentos não podem ser ativados ignorando a galeria dos totens
ok 154 - V3 segmentos não podem ser ativados ignorando a galeria dos totens
  ---
  duration_ms: 18.306382
  type: 'test'
  ...
# Subtest: V3 baú continua bloqueado enquanto a tampa abre
ok 155 - V3 baú continua bloqueado enquanto a tampa abre
  ---
  duration_ms: 8.452063
  type: 'test'
  ...
# Subtest: V3 portas, placas, baús, alavancas, runas, pontes, portais e espinhos têm aparências distintas por estado
ok 156 - V3 portas, placas, baús, alavancas, runas, pontes, portais e espinhos têm aparências distintas por estado
  ---
  duration_ms: 5.731071
  type: 'test'
  ...
# Subtest: V3 caixa de pistas permanece oculta até interagir, mesmo após revelar a sala
ok 157 - V3 caixa de pistas permanece oculta até interagir, mesmo após revelar a sala
  ---
  duration_ms: 15.120879
  type: 'test'
  ...
# Subtest: V3 portal energiza na origem antes do transporte e finaliza na posição lógica
ok 158 - V3 portal energiza na origem antes do transporte e finaliza na posição lógica
  ---
  duration_ms: 20.728054
  type: 'test'
  ...
# Subtest: V3 família de placas: sequência configurável reage à ordem e reinicia com a tentativa
ok 159 - V3 família de placas: sequência configurável reage à ordem e reinicia com a tentativa
  ---
  duration_ms: 7.372797
  type: 'test'
  ...
# Subtest: V3 atividade 1, variante 0: solução, replay e recompensa
ok 160 - V3 atividade 1, variante 0: solução, replay e recompensa
  ---
  duration_ms: 58.855791
  type: 'test'
  ...
# Subtest: V3 atividade 2, variante 0: solução, replay e recompensa
ok 161 - V3 atividade 2, variante 0: solução, replay e recompensa
  ---
  duration_ms: 49.214995
  type: 'test'
  ...
# Subtest: V3 atividade 3, variante 0: solução, replay e recompensa
ok 162 - V3 atividade 3, variante 0: solução, replay e recompensa
  ---
  duration_ms: 56.286432
  type: 'test'
  ...
# Subtest: V3 atividade 4, variante 0: solução, replay e recompensa
ok 163 - V3 atividade 4, variante 0: solução, replay e recompensa
  ---
  duration_ms: 47.841579
  type: 'test'
  ...
# Subtest: V3 atividade 5, variante 0: solução, replay e recompensa
ok 164 - V3 atividade 5, variante 0: solução, replay e recompensa
  ---
  duration_ms: 104.141086
  type: 'test'
  ...
# Subtest: V3 atividade 6, variante 0: solução, replay e recompensa
ok 165 - V3 atividade 6, variante 0: solução, replay e recompensa
  ---
  duration_ms: 37.444809
  type: 'test'
  ...
# Subtest: V3 atividade 7, variante 0: solução, replay e recompensa
ok 166 - V3 atividade 7, variante 0: solução, replay e recompensa
  ---
  duration_ms: 53.606777
  type: 'test'
  ...
# Subtest: V3 atividade 8, variante 0: solução, replay e recompensa
ok 167 - V3 atividade 8, variante 0: solução, replay e recompensa
  ---
  duration_ms: 97.323696
  type: 'test'
  ...
# Subtest: V3 atividade 9, variante 0: solução, replay e recompensa
ok 168 - V3 atividade 9, variante 0: solução, replay e recompensa
  ---
  duration_ms: 88.529256
  type: 'test'
  ...
# Subtest: V3 atividade 10, variante 0: solução, replay e recompensa
ok 169 - V3 atividade 10, variante 0: solução, replay e recompensa
  ---
  duration_ms: 169.897651
  type: 'test'
  ...
# Subtest: V3 atividade 11, variante 0: solução, replay e recompensa
ok 170 - V3 atividade 11, variante 0: solução, replay e recompensa
  ---
  duration_ms: 44.368593
  type: 'test'
  ...
# Subtest: V3 atividade 12, variante 0: solução, replay e recompensa
ok 171 - V3 atividade 12, variante 0: solução, replay e recompensa
  ---
  duration_ms: 34.788032
  type: 'test'
  ...
# Subtest: V3 atividade 12, variante 1: solução, replay e recompensa
ok 172 - V3 atividade 12, variante 1: solução, replay e recompensa
  ---
  duration_ms: 29.822655
  type: 'test'
  ...
# Subtest: V3 atividade 13, variante 0: solução, replay e recompensa
ok 173 - V3 atividade 13, variante 0: solução, replay e recompensa
  ---
  duration_ms: 62.999609
  type: 'test'
  ...
# Subtest: V3 atividade 14, variante 0: solução, replay e recompensa
ok 174 - V3 atividade 14, variante 0: solução, replay e recompensa
  ---
  duration_ms: 62.871746
  type: 'test'
  ...
# Subtest: V3 atividade 15, variante 0: solução, replay e recompensa
ok 175 - V3 atividade 15, variante 0: solução, replay e recompensa
  ---
  duration_ms: 116.783402
  type: 'test'
  ...
# Subtest: V3 atividade 15, variante 1: solução, replay e recompensa
ok 176 - V3 atividade 15, variante 1: solução, replay e recompensa
  ---
  duration_ms: 144.884478
  type: 'test'
  ...
# Subtest: V3 atividade 15, variante 2: solução, replay e recompensa
ok 177 - V3 atividade 15, variante 2: solução, replay e recompensa
  ---
  duration_ms: 144.513603
  type: 'test'
  ...
# Subtest: V3 atividade 16, variante 0: solução, replay e recompensa
ok 178 - V3 atividade 16, variante 0: solução, replay e recompensa
  ---
  duration_ms: 40.933789
  type: 'test'
  ...
# Subtest: V3 atividade 17, variante 0: solução, replay e recompensa
ok 179 - V3 atividade 17, variante 0: solução, replay e recompensa
  ---
  duration_ms: 58.399283
  type: 'test'
  ...
# Subtest: V3 atividade 18, variante 0: solução, replay e recompensa
ok 180 - V3 atividade 18, variante 0: solução, replay e recompensa
  ---
  duration_ms: 71.513576
  type: 'test'
  ...
# Subtest: V3 atividade 18, variante 1: solução, replay e recompensa
ok 181 - V3 atividade 18, variante 1: solução, replay e recompensa
  ---
  duration_ms: 91.540382
  type: 'test'
  ...
# Subtest: V3 atividade 18, variante 2: solução, replay e recompensa
ok 182 - V3 atividade 18, variante 2: solução, replay e recompensa
  ---
  duration_ms: 89.63249
  type: 'test'
  ...
# Subtest: V3 atividade 19, variante 0: solução, replay e recompensa
ok 183 - V3 atividade 19, variante 0: solução, replay e recompensa
  ---
  duration_ms: 31.186152
  type: 'test'
  ...
# Subtest: V3 atividade 19, variante 1: solução, replay e recompensa
ok 184 - V3 atividade 19, variante 1: solução, replay e recompensa
  ---
  duration_ms: 36.174623
  type: 'test'
  ...
# Subtest: V3 atividade 19, variante 2: solução, replay e recompensa
ok 185 - V3 atividade 19, variante 2: solução, replay e recompensa
  ---
  duration_ms: 40.55632
  type: 'test'
  ...
# Subtest: V3 atividade 20, variante 0: solução, replay e recompensa
ok 186 - V3 atividade 20, variante 0: solução, replay e recompensa
  ---
  duration_ms: 176.111866
  type: 'test'
  ...
# Subtest: V3 atividade 20, variante 1: solução, replay e recompensa
ok 187 - V3 atividade 20, variante 1: solução, replay e recompensa
  ---
  duration_ms: 183.494477
  type: 'test'
  ...
# Subtest: V3 atividade 20, variante 2: solução, replay e recompensa
ok 188 - V3 atividade 20, variante 2: solução, replay e recompensa
  ---
  duration_ms: 212.348423
  type: 'test'
  ...
# Subtest: V3 tutorial 1: quatro microetapas e descobertas preservadas
ok 189 - V3 tutorial 1: quatro microetapas e descobertas preservadas
  ---
  duration_ms: 25.468581
  type: 'test'
  ...
# Subtest: V3 tutorial 6: quatro microetapas e descobertas preservadas
ok 190 - V3 tutorial 6: quatro microetapas e descobertas preservadas
  ---
  duration_ms: 28.943791
  type: 'test'
  ...
# Subtest: V3 tutorial 11: quatro microetapas e descobertas preservadas
ok 191 - V3 tutorial 11: quatro microetapas e descobertas preservadas
  ---
  duration_ms: 33.047628
  type: 'test'
  ...
# Subtest: V3 tutorial 16: quatro microetapas e descobertas preservadas
ok 192 - V3 tutorial 16: quatro microetapas e descobertas preservadas
  ---
  duration_ms: 52.711147
  type: 'test'
  ...
# Subtest: V3 leitura e luz persistem; reinício limpa descoberta e execução mantém estado transitório separado
ok 193 - V3 leitura e luz persistem; reinício limpa descoberta e execução mantém estado transitório separado
  ---
  duration_ms: 22.720967
  type: 'test'
  ...
# Subtest: V3 pistas não podem ser examinadas à distância e pedestal exige descoberta
ok 194 - V3 pistas não podem ser examinadas à distância e pedestal exige descoberta
  ---
  duration_ms: 26.514374
  type: 'test'
  ...
# Subtest: V3 saber a palavra sem visitar o arquivo não abre a saída
ok 195 - V3 saber a palavra sem visitar o arquivo não abre a saída
  ---
  duration_ms: 7.890517
  type: 'test'
  ...
# Subtest: V3 atividade 7: ignorar as entradas e imprimir literal não ativa a solução
ok 196 - V3 atividade 7: ignorar as entradas e imprimir literal não ativa a solução
  ---
  duration_ms: 25.208845
  type: 'test'
  ...
# Subtest: V3 atividade 8: ignorar as entradas e imprimir literal não ativa a solução
ok 197 - V3 atividade 8: ignorar as entradas e imprimir literal não ativa a solução
  ---
  duration_ms: 26.999169
  type: 'test'
  ...
# Subtest: V3 atividade 9: ignorar as entradas e imprimir literal não ativa a solução
ok 198 - V3 atividade 9: ignorar as entradas e imprimir literal não ativa a solução
  ---
  duration_ms: 33.434722
  type: 'test'
  ...
# Subtest: V3 atividade 10: ignorar as entradas e imprimir literal não ativa a solução
ok 199 - V3 atividade 10: ignorar as entradas e imprimir literal não ativa a solução
  ---
  duration_ms: 44.441397
  type: 'test'
  ...
# Subtest: V3 requisitos do validador impedem abrir por if True com energia insuficiente
ok 200 - V3 requisitos do validador impedem abrir por if True com energia insuficiente
  ---
  duration_ms: 40.6461
  type: 'test'
  ...
# Subtest: V3 PK-023 poder 25 recusa portão 1
ok 201 - V3 PK-023 poder 25 recusa portão 1
  ---
  duration_ms: 8.406805
  type: 'test'
  ...
# Subtest: V3 PK-023 poder 25 recusa portão 2
ok 202 - V3 PK-023 poder 25 recusa portão 2
  ---
  duration_ms: 6.510446
  type: 'test'
  ...
# Subtest: V3 PK-023 poder 15 recusa portão 1
ok 203 - V3 PK-023 poder 15 recusa portão 1
  ---
  duration_ms: 12.540298
  type: 'test'
  ...
# Subtest: V3 PK-023 poder 15 recusa portão 3
ok 204 - V3 PK-023 poder 15 recusa portão 3
  ---
  duration_ms: 7.394159
  type: 'test'
  ...
# Subtest: V3 PK-023 poder 5 recusa portão 2
ok 205 - V3 PK-023 poder 5 recusa portão 2
  ---
  duration_ms: 12.019392
  type: 'test'
  ...
# Subtest: V3 PK-023 poder 5 recusa portão 3
ok 206 - V3 PK-023 poder 5 recusa portão 3
  ---
  duration_ms: 6.717709
  type: 'test'
  ...
# Subtest: V3 poder deve corresponder ao registro da variante
ok 207 - V3 poder deve corresponder ao registro da variante
  ---
  duration_ms: 74.870798
  type: 'test'
  ...
# Subtest: V3 espelhos incorretos não teleportam nem recompensam
ok 208 - V3 espelhos incorretos não teleportam nem recompensam
  ---
  duration_ms: 9.520645
  type: 'test'
  ...
# Subtest: V3 andar sem iluminar a névoa avisa primeiro e perde exatamente uma vida depois
ok 209 - V3 andar sem iluminar a névoa avisa primeiro e perde exatamente uma vida depois
  ---
  duration_ms: 8.555399
  type: 'test'
  ...
# Subtest: V3 espinhos são contextuais, retraídos têm estado legível e ciclos são determinísticos
ok 210 - V3 espinhos são contextuais, retraídos têm estado legível e ciclos são determinísticos
  ---
  duration_ms: 7.563163
  type: 'test'
  ...
# Subtest: V3 lava é cenário bloqueado, sem morte por piso
ok 211 - V3 lava é cenário bloqueado, sem morte por piso
  ---
  duration_ms: 7.924548
  type: 'test'
  ...
# Subtest: V3 rubis não são confundidos com moedas opcionais
ok 212 - V3 rubis não são confundidos com moedas opcionais
  ---
  duration_ms: 8.869813
  type: 'test'
  ...
# Subtest: V3 porta mantém colisão durante abertura e a libera ao completar a animação
ok 213 - V3 porta mantém colisão durante abertura e a libera ao completar a animação
  ---
  duration_ms: 6.5987
  type: 'test'
  ...
# Subtest: V3 orientações e movimentos correspondem às quatro famílias de animação
ok 214 - V3 orientações e movimentos correspondem às quatro famílias de animação
  ---
  duration_ms: 23.209785
  type: 'test'
  ...
# Subtest: V3 busca 19: abre apenas o prefixo necessário em cada posição de chave
ok 215 - V3 busca 19: abre apenas o prefixo necessário em cada posição de chave
  ---
  duration_ms: 55.003933
  type: 'test'
  ...
# Subtest: V3 busca 20: abre apenas o prefixo necessário em cada posição de chave
ok 216 - V3 busca 20: abre apenas o prefixo necessário em cada posição de chave
  ---
  duration_ms: 254.879505
  type: 'test'
  ...
# Subtest: V3 não aceita inserir um laço decorativo e fazer a mecânica fora dele
ok 217 - V3 não aceita inserir um laço decorativo e fazer a mecânica fora dele
  ---
  duration_ms: 20.728052
  type: 'test'
  ...
# Subtest: V3 alternativa legítima: acumulador com outro nome, soma explícita e range com início e passo
ok 218 - V3 alternativa legítima: acumulador com outro nome, soma explícita e range com início e passo
  ---
  duration_ms: 31.188055
  type: 'test'
  ...
# Subtest: V3 alternativa legítima: passarela longa evita os espinhos da Forja
ok 219 - V3 alternativa legítima: passarela longa evita os espinhos da Forja
  ---
  duration_ms: 17.359794
  type: 'test'
  ...
# Subtest: V3 nova sintaxe não libera conceitos futuros nas unidades iniciais
ok 220 - V3 nova sintaxe não libera conceitos futuros nas unidades iniciais
  ---
  duration_ms: 8.054294
  type: 'test'
  ...
# Subtest: V3 UI inicial, instruções e tutoriais não publicam os segredos de input
ok 221 - V3 UI inicial, instruções e tutoriais não publicam os segredos de input
  ---
  duration_ms: 4.784244
  type: 'test'
  ...
# Subtest: V4 100 moedas acessíveis: 145 percursos nos 29 cenários, sem dano nem requisitos forçados
ok 222 - V4 100 moedas acessíveis: 145 percursos nos 29 cenários, sem dano nem requisitos forçados
  ---
  duration_ms: 2384.396503
  type: 'test'
  ...
# Subtest: V4 replay nunca duplica recompensa, mesmo com opção legada de replay ativada
ok 223 - V4 replay nunca duplica recompensa, mesmo com opção legada de replay ativada
  ---
  duration_ms: 15.705811
  type: 'test'
  ...
# Subtest: V4 alternativas legítimas preservam acumulador, range e iluminação
ok 224 - V4 alternativas legítimas preservam acumulador, range e iluminação
  ---
  duration_ms: 35.576126
  type: 'test'
  ...
# Subtest: V4 atividade 1: solução V3 intacta e todas as variantes concluíveis
ok 225 - V4 atividade 1: solução V3 intacta e todas as variantes concluíveis
  ---
  duration_ms: 67.025654
  type: 'test'
  ...
# Subtest: V4 atividade 2: solução V3 intacta e todas as variantes concluíveis
ok 226 - V4 atividade 2: solução V3 intacta e todas as variantes concluíveis
  ---
  duration_ms: 46.365054
  type: 'test'
  ...
# Subtest: V4 atividade 3: solução V3 intacta e todas as variantes concluíveis
ok 227 - V4 atividade 3: solução V3 intacta e todas as variantes concluíveis
  ---
  duration_ms: 61.600024
  type: 'test'
  ...
# Subtest: V4 atividade 4: solução V3 intacta e todas as variantes concluíveis
ok 228 - V4 atividade 4: solução V3 intacta e todas as variantes concluíveis
  ---
  duration_ms: 54.294734
  type: 'test'
  ...
# Subtest: V4 atividade 5: solução V3 intacta e todas as variantes concluíveis
ok 229 - V4 atividade 5: solução V3 intacta e todas as variantes concluíveis
  ---
  duration_ms: 95.087009
  type: 'test'
  ...
# Subtest: V4 atividade 6: solução V3 intacta e todas as variantes concluíveis
ok 230 - V4 atividade 6: solução V3 intacta e todas as variantes concluíveis
  ---
  duration_ms: 32.107696
  type: 'test'
  ...
# Subtest: V4 atividade 7: solução V3 intacta e todas as variantes concluíveis
ok 231 - V4 atividade 7: solução V3 intacta e todas as variantes concluíveis
  ---
  duration_ms: 57.298929
  type: 'test'
  ...
# Subtest: V4 atividade 8: solução V3 intacta e todas as variantes concluíveis
ok 232 - V4 atividade 8: solução V3 intacta e todas as variantes concluíveis
  ---
  duration_ms: 46.879042
  type: 'test'
  ...
# Subtest: V4 atividade 9: solução V3 intacta e todas as variantes concluíveis
ok 233 - V4 atividade 9: solução V3 intacta e todas as variantes concluíveis
  ---
  duration_ms: 53.894795
  type: 'test'
  ...
# Subtest: V4 atividade 10: solução V3 intacta e todas as variantes concluíveis
ok 234 - V4 atividade 10: solução V3 intacta e todas as variantes concluíveis
  ---
  duration_ms: 72.160822
  type: 'test'
  ...
# Subtest: V4 atividade 11: solução V3 intacta e todas as variantes concluíveis
ok 235 - V4 atividade 11: solução V3 intacta e todas as variantes concluíveis
  ---
  duration_ms: 29.107578
  type: 'test'
  ...
# Subtest: V4 atividade 12: solução V3 intacta e todas as variantes concluíveis
ok 236 - V4 atividade 12: solução V3 intacta e todas as variantes concluíveis
  ---
  duration_ms: 51.533811
  type: 'test'
  ...
# Subtest: V4 atividade 13: solução V3 intacta e todas as variantes concluíveis
ok 237 - V4 atividade 13: solução V3 intacta e todas as variantes concluíveis
  ---
  duration_ms: 36.694677
  type: 'test'
  ...
# Subtest: V4 atividade 14: solução V3 intacta e todas as variantes concluíveis
ok 238 - V4 atividade 14: solução V3 intacta e todas as variantes concluíveis
  ---
  duration_ms: 46.762867
  type: 'test'
  ...
# Subtest: V4 atividade 15: solução V3 intacta e todas as variantes concluíveis
ok 239 - V4 atividade 15: solução V3 intacta e todas as variantes concluíveis
  ---
  duration_ms: 173.356787
  type: 'test'
  ...
# Subtest: V4 atividade 16: solução V3 intacta e todas as variantes concluíveis
ok 240 - V4 atividade 16: solução V3 intacta e todas as variantes concluíveis
  ---
  duration_ms: 31.637276
  type: 'test'
  ...
# Subtest: V4 atividade 17: solução V3 intacta e todas as variantes concluíveis
ok 241 - V4 atividade 17: solução V3 intacta e todas as variantes concluíveis
  ---
  duration_ms: 71.805116
  type: 'test'
  ...
# Subtest: V4 atividade 18: solução V3 intacta e todas as variantes concluíveis
ok 242 - V4 atividade 18: solução V3 intacta e todas as variantes concluíveis
  ---
  duration_ms: 167.606412
  type: 'test'
  ...
# Subtest: V4 atividade 19: solução V3 intacta e todas as variantes concluíveis
ok 243 - V4 atividade 19: solução V3 intacta e todas as variantes concluíveis
  ---
  duration_ms: 50.672944
  type: 'test'
  ...
# Subtest: V4 atividade 20: solução V3 intacta e todas as variantes concluíveis
ok 244 - V4 atividade 20: solução V3 intacta e todas as variantes concluíveis
  ---
  duration_ms: 308.690149
  type: 'test'
  ...
# Subtest: V4 orçamento semântico configurado em todas as atividades, crescente por unidade
ok 245 - V4 orçamento semântico configurado em todas as atividades, crescente por unidade
  ---
  duration_ms: 10.466161
  type: 'test'
  ...
# Subtest: V4 programa acima do orçamento executa, descobre e alcança saída; só conclusão é bloqueada
ok 246 - V4 programa acima do orçamento executa, descobre e alcança saída; só conclusão é bloqueada
  ---
  duration_ms: 40.436654
  type: 'test'
  ...
# Subtest: V4 exceder orçamento permite exploração parcial sem mensagem de execução proibida
ok 247 - V4 exceder orçamento permite exploração parcial sem mensagem de execução proibida
  ---
  duration_ms: 15.780743
  type: 'test'
  ...
# Subtest: V4 tentativas excluem código vazio, comentários, parsing e bloqueios estáticos
ok 248 - V4 tentativas excluem código vazio, comentários, parsing e bloqueios estáticos
  ---
  duration_ms: 12.447878
  type: 'test'
  ...
# Subtest: V4 moedas: cinco por fase, 100 IDs únicos e nenhum objetivo exige moeda
ok 249 - V4 moedas: cinco por fase, 100 IDs únicos e nenhum objetivo exige moeda
  ---
  duration_ms: 6.79809
  type: 'test'
  ...
# Subtest: V4 coleta grava imediatamente, credita uma vez e rejeita coleta remota
ok 250 - V4 coleta grava imediatamente, credita uma vez e rejeita coleta remota
  ---
  duration_ms: 16.721412
  type: 'test'
  ...
# Subtest: V4 executar, reiniciar descobertas e sair/voltar não recriam moedas
ok 251 - V4 executar, reiniciar descobertas e sair/voltar não recriam moedas
  ---
  duration_ms: 11.48749
  type: 'test'
  ...
# Subtest: V4 morrer preserva moedas e desconta exatamente uma vida
ok 252 - V4 morrer preserva moedas e desconta exatamente uma vida
  ---
  duration_ms: 8.294902
  type: 'test'
  ...
# Subtest: V4 concluir e repetir mantém XP e saldo; rubis não geram moeda extra
ok 253 - V4 concluir e repetir mantém XP e saldo; rubis não geram moeda extra
  ---
  duration_ms: 77.934833
  type: 'test'
  ...
# Subtest: V4 todas as moedas rendem exatamente 100 uma única vez, inclusive após recarregar
ok 254 - V4 todas as moedas rendem exatamente 100 uma única vez, inclusive após recarregar
  ---
  duration_ms: 118.115982
  type: 'test'
  ...
# Subtest: V4 migração preserva XP, desbloqueios e saldo V3 sem inventar moedas coletadas
ok 255 - V4 migração preserva XP, desbloqueios e saldo V3 sem inventar moedas coletadas
  ---
  duration_ms: 5.838243
  type: 'test'
  ...
# Subtest: V4 ledger elimina IDs inválidos/duplicados e mantém saldo separado do histórico de coleta
ok 256 - V4 ledger elimina IDs inválidos/duplicados e mantém saldo separado do histórico de coleta
  ---
  duration_ms: 4.716722
  type: 'test'
  ...
# Subtest: V4 vinte conclusões, desbloqueios, XP por vidas e replays continuam coerentes
ok 257 - V4 vinte conclusões, desbloqueios, XP por vidas e replays continuam coerentes
  ---
  duration_ms: 679.800739
  type: 'test'
  ...
# Subtest: V4 soluções podem concluir sem coletar qualquer moeda opcional
ok 258 - V4 soluções podem concluir sem coletar qualquer moeda opcional
  ---
  duration_ms: 421.467046
  type: 'test'
  ...
# Subtest: V4 decoração preserva colisões; objeto sólido futuro bloqueia com aviso e sem dano
ok 259 - V4 decoração preserva colisões; objeto sólido futuro bloqueia com aviso e sem dano
  ---
  duration_ms: 6.494903
  type: 'test'
  ...
# Subtest: V4 orçamento: indicador semântico real destaca excesso e EXECUTAR permanece disponível
ok 260 - V4 orçamento: indicador semântico real destaca excesso e EXECUTAR permanece disponível
  ---
  duration_ms: 129.647508
  type: 'test'
  ...
# Subtest: V4 modal exige mundo, pedagogia e orçamento; não abre em execução incompleta
ok 261 - V4 modal exige mundo, pedagogia e orçamento; não abre em execução incompleta
  ---
  duration_ms: 84.518955
  type: 'test'
  ...
# Subtest: V4 modal apresenta só objetivos/regras locais e estatísticas reais da busca
ok 262 - V4 modal apresenta só objetivos/regras locais e estatísticas reais da busca
  ---
  duration_ms: 105.255361
  type: 'test'
  ...
# Subtest: V4 modal sem baús omite estatística e tentar novamente reinicia sem duplicar recompensas
ok 263 - V4 modal sem baús omite estatística e tentar novamente reinicia sem duplicar recompensas
  ---
  duration_ms: 116.877995
  type: 'test'
  ...
# Subtest: V4 próxima atividade usa progresso salvo e conclui jornada retorna ao menu
ok 264 - V4 próxima atividade usa progresso salvo e conclui jornada retorna ao menu
  ---
  duration_ms: 231.031557
  type: 'test'
  ...
# Subtest: V4 HUD e renderização de moeda persistem após REINICIAR e retorno à fase
ok 265 - V4 HUD e renderização de moeda persistem após REINICIAR e retorno à fase
  ---
  duration_ms: 24.474101
  type: 'test'
  ...
# Subtest: V4 ! aparece apenas próximo e visível; examinar registra, afasta/esconde e persiste entre EXECUTARs
ok 266 - V4 ! aparece apenas próximo e visível; examinar registra, afasta/esconde e persiste entre EXECUTARs
  ---
  duration_ms: 18.191644
  type: 'test'
  ...
# Subtest: V4 indicador não revela objetos ocultos nem transforma decoração em investigação
ok 267 - V4 indicador não revela objetos ocultos nem transforma decoração em investigação
  ---
  duration_ms: 25.80336
  type: 'test'
  ...
# Subtest: V4 totens usam os novos quadros OFF/ON, sincronizados com ativação e ponte
ok 268 - V4 totens usam os novos quadros OFF/ON, sincronizados com ativação e ponte
  ---
  duration_ms: 19.078085
  type: 'test'
  ...
# Subtest: V4 UI inicial, livros não lidos e prompts continuam sem respostas expostas
ok 269 - V4 UI inicial, livros não lidos e prompts continuam sem respostas expostas
  ---
  duration_ms: 104.486412
  type: 'test'
  ...
1..269
# tests 269
# suites 0
# pass 269
# fail 0
# cancelled 0
# skipped 0
# todo 0
# duration_ms 3680.191965
