✔ Enter após dois pontos (1.164487ms)
✔ Enter mantém bloco (0.182155ms)
✔ Enter após comentário (0.141403ms)
✔ Enter ignora # em string (0.098299ms)
✔ Tab acrescenta quatro espaços (0.118028ms)
✔ Shift Tab recua (0.166601ms)
✔ Shift Tab recua parcial (0.121153ms)
✔ Shift Tab no nível zero (0.074533ms)
✔ Tab e Shift Tab em seleção multilinha preservam linhas externas (0.19926ms)
✔ Enter substitui seleção sem apagar o restante (0.199181ms)
✔ else retorna ao nível do if (0.443479ms)
✔ elif em bloco aninhado alinha com if interno (0.15258ms)
✔ Editor: eventos reais do componente, numeração, erro, scroll e limpeza (0.625574ms)
✔ Zoom inicial, mínimo e máximo (0.250277ms)
✔ Zoom mantém ponto sob cursor fora dos limites (0.136086ms)
✔ Pan considera zoom e limita os quatro lados (0.505548ms)
✔ Mapa menor que viewport permanece centralizado (0.107042ms)
✔ Acompanhamento aproxima suavemente e converge (0.350819ms)
✔ Câmera integra eventos, recenter, viewport Phaser e remoção de listeners (1.287894ms)
✔ Todos os spritesheets têm quadros compatíveis com as dimensões PNG (1.615818ms)
✔ Contrato CSS: livro limitado, áreas roláveis e rodapé não encolhe (análise estática) (0.367134ms)
✔ Python: if/elif/else e duas camadas (17.339361ms)
✔ Python: dois espaços válidos em Python (5.975335ms)
✔ Python: comentários e linhas vazias não definem nível (7.591423ms)
✔ Python: for aninhado e acumulador (5.184362ms)
✔ Python: while, if e break (3.193899ms)
✔ Python: comparação encadeada (3.693332ms)
✔ Python: and/or retornam operandos e curto-circuitam (4.997855ms)
✔ Python: precedência de not (3.311697ms)
✔ Python: int trunca números e aceita inteiros textuais (3.494157ms)
✔ Python: range negativo (5.382811ms)
✔ Python: comparação booleana numérica Python (4.262992ms)
✔ Indentação inválida: fora de bloco (4.159196ms)
✔ Indentação inválida: dedent inexistente (4.256212ms)
✔ Indentação inválida: bloco sem corpo (4.006174ms)
✔ Indentação inválida: else solto (3.897171ms)
✔ Indentação inválida: mistura de tab e espaços (3.790208ms)
✔ Indentação inválida: if sem dois-pontos (5.552597ms)
✔ Indentação inválida: elif após else (3.939915ms)
✔ Entrada/tipo inválido: x = int("") (4.250954ms)
✔ Entrada/tipo inválido: x = int(" ") (4.08301ms)
✔ Entrada/tipo inválido: x = int("3.0") (3.960105ms)
✔ Entrada/tipo inválido: x = int("0x10") (4.04952ms)
✔ Entrada/tipo inválido: x = int("erro") (6.498755ms)
✔ Entrada/tipo inválido: x = "10" >= 2 (3.98281ms)
✔ Entrada/tipo inválido: x = range("2") (3.903089ms)
✔ Entrada/tipo inválido: x = range(1, 2, 0) (4.317584ms)
✔ Entrada/tipo inválido: x = int(1,2) (3.989659ms)
✔ Entrada/tipo inválido: virar_direita(1) (3.888607ms)
✔ Erro em elif informa a própria linha (3.976218ms)
✔ input e print preservam o texto e booleanos Python (4.591888ms)
✔ Palavra da atividade 6: exata (5.866221ms)
✔ Palavra da atividade 6: espaços (3.514682ms)
✔ Palavra da atividade 6: incorreta (3.053607ms)
✔ Palavra da atividade 6: minúscula (2.98209ms)
✔ Palavra da atividade 7: exata (3.507462ms)
✔ Palavra da atividade 7: espaços (3.50624ms)
✔ Palavra da atividade 7: incorreta (6.766203ms)
✔ Palavra da atividade 7: minúscula (5.996848ms)
✔ Input numérico vazio é erro recuperável na atividade 8 (7.972047ms)
✔ Input numérico vazio é erro recuperável na atividade 9 (13.531661ms)
✔ Input numérico vazio é erro recuperável na atividade 10 (5.534691ms)
✔ Input numérico vazio é erro recuperável na atividade 13 (4.458487ms)
✔ Input numérico vazio é erro recuperável na atividade 15 (6.059252ms)
✔ Atividade 1: solução com blocos de 2 espaços e comentários (3.749767ms)
✔ Atividade 2: solução com blocos de 2 espaços e comentários (3.042349ms)
✔ Atividade 3: solução com blocos de 2 espaços e comentários (3.327991ms)
✔ Atividade 4: solução com blocos de 2 espaços e comentários (3.821586ms)
✔ Atividade 5: solução com blocos de 2 espaços e comentários (3.333139ms)
✔ Atividade 6: solução com blocos de 2 espaços e comentários (3.40012ms)
✔ Atividade 7: solução com blocos de 2 espaços e comentários (3.436244ms)
✔ Atividade 8: solução com blocos de 2 espaços e comentários (5.367308ms)
✔ Atividade 9: solução com blocos de 2 espaços e comentários (3.587232ms)
✔ Atividade 10: solução com blocos de 2 espaços e comentários (6.56175ms)
✔ Atividade 11: solução com blocos de 2 espaços e comentários (5.250983ms)
✔ Atividade 12: solução com blocos de 2 espaços e comentários (6.36951ms)
✔ Atividade 13: solução com blocos de 2 espaços e comentários (6.813039ms)
✔ Atividade 14: solução com blocos de 2 espaços e comentários (4.867204ms)
✔ Atividade 15: solução com blocos de 2 espaços e comentários (4.284554ms)
✔ Atividade 16: solução com blocos de 2 espaços e comentários (3.848046ms)
✔ Atividade 17: solução com blocos de 2 espaços e comentários (7.692566ms)
✔ Atividade 18: solução com blocos de 2 espaços e comentários (4.38083ms)
✔ Atividade 19: solução com blocos de 2 espaços e comentários (4.429533ms)
✔ Atividade 20: solução com blocos de 2 espaços e comentários (5.848584ms)
✔ As vinte atividades desbloqueiam em ordem, com replay idempotente (56.938446ms)
✔ Persistência continua em memória quando localStorage falha (10.77029ms)
✔ M01 libera a pressão ao sair e M02 não alterna duas vezes na mesma entrada (8.126612ms)
✔ M03 alterna alavanca e restaura a conexão (7.756693ms)
✔ Objetivos físicos atualizam durante o movimento (7.417891ms)
✔ Dados do jogador são publicados sem ler testInputs ou officialSolution (14.037209ms)
✔ Todos os assets oficiais e scripts referenciados existem (4.624417ms)
✔ Atividade 12: pisar novamente na placa mantém o sensor coerente com as duas rotas (3.93723ms)
✔ UI/renderer real com adaptadores: atividade 1, solução, replay e limpeza (37.603539ms)
✔ UI/renderer real com adaptadores: atividade 2, solução, replay e limpeza (10.574134ms)
✔ UI/renderer real com adaptadores: atividade 3, solução, replay e limpeza (10.901067ms)
✔ UI/renderer real com adaptadores: atividade 4, solução, replay e limpeza (13.860141ms)
✔ UI/renderer real com adaptadores: atividade 5, solução, replay e limpeza (14.624524ms)
✔ UI/renderer real com adaptadores: atividade 6, solução, replay e limpeza (16.415467ms)
✔ UI/renderer real com adaptadores: atividade 7, solução, replay e limpeza (18.152799ms)
✔ UI/renderer real com adaptadores: atividade 8, solução, replay e limpeza (22.989916ms)
✔ UI/renderer real com adaptadores: atividade 9, solução, replay e limpeza (16.929262ms)
✔ UI/renderer real com adaptadores: atividade 10, solução, replay e limpeza (42.126619ms)
✔ UI/renderer real com adaptadores: atividade 11, solução, replay e limpeza (13.79911ms)
✔ UI/renderer real com adaptadores: atividade 12, solução, replay e limpeza (10.97536ms)
✔ UI/renderer real com adaptadores: atividade 13, solução, replay e limpeza (16.9815ms)
✔ UI/renderer real com adaptadores: atividade 14, solução, replay e limpeza (21.869947ms)
✔ UI/renderer real com adaptadores: atividade 15, solução, replay e limpeza (22.261867ms)
✔ UI/renderer real com adaptadores: atividade 16, solução, replay e limpeza (13.701162ms)
✔ UI/renderer real com adaptadores: atividade 17, solução, replay e limpeza (16.042734ms)
✔ UI/renderer real com adaptadores: atividade 18, solução, replay e limpeza (12.824849ms)
✔ UI/renderer real com adaptadores: atividade 19, solução, replay e limpeza (14.930507ms)
✔ UI/renderer real com adaptadores: atividade 20, solução, replay e limpeza (35.66905ms)
✔ Feedback extenso preserva controles e conteúdo como texto (sem medição CSS) (10.48481ms)
✔ input mostra pergunta, recebe texto exato, fecha e permite nova entrada (12.431916ms)
✔ Restaurar durante input cancela execução sem perder vidas (24.785215ms)
✔ Anterior/próxima preservam rascunho e usam fade; fase bloqueada não navega (11.869217ms)
✔ Todos os estados visuais das entidades apontam para texturas catalogadas (11.509345ms)
✔ Menu mostra progresso e abre a atividade disponível sem perfil (10.217877ms)
ℹ tests 118
ℹ suites 0
ℹ pass 118
ℹ fail 0
ℹ cancelled 0
ℹ skipped 0
ℹ todo 0
ℹ duration_ms 559.027213
