✔ Enter após dois pontos (1.614227ms)
✔ Enter mantém bloco (0.240521ms)
✔ Enter após comentário (0.140151ms)
✔ Enter ignora # em string (0.156195ms)
✔ Tab acrescenta quatro espaços (1.143129ms)
✔ Shift Tab recua (0.243275ms)
✔ Shift Tab recua parcial (1.554007ms)
✔ Shift Tab no nível zero (0.10011ms)
✔ Tab e Shift Tab em seleção multilinha preservam linhas externas (0.196986ms)
✔ Enter substitui seleção sem apagar o restante (0.215284ms)
✔ else retorna ao nível do if (0.402395ms)
✔ elif em bloco aninhado alinha com if interno (0.322385ms)
✔ Editor: eventos reais do componente, numeração, erro, scroll e limpeza (0.945081ms)
✔ Zoom inicial, mínimo e máximo (0.407643ms)
✔ Zoom mantém ponto sob cursor fora dos limites (0.183055ms)
✔ Pan considera zoom e limita os quatro lados (0.375324ms)
✔ Mapa menor que viewport permanece centralizado (0.189875ms)
✔ Acompanhamento aproxima suavemente e converge (0.474423ms)
✔ Câmera integra eventos, recenter, viewport Phaser e remoção de listeners (1.900056ms)
✔ Todos os spritesheets têm quadros compatíveis com as dimensões PNG (14.714323ms)
✔ Contrato CSS: livro limitado, áreas roláveis e rodapé não encolhe (análise estática) (0.536306ms)
✔ Atividade 15: poder 25, portal 1 (18.874338ms)
✔ Atividade 15: poder 25, portal 2 (12.373975ms)
✔ Atividade 15: poder 25, portal 3 (4.13733ms)
✔ Atividade 15: poder 15, portal 1 (5.889134ms)
✔ Atividade 15: poder 15, portal 2 (4.334497ms)
✔ Atividade 15: poder 15, portal 3 (5.522413ms)
✔ Atividade 15: poder 5, portal 1 (4.352504ms)
✔ Atividade 15: poder 5, portal 2 (6.006531ms)
✔ Atividade 15: poder 5, portal 3 (9.400694ms)
✔ Atividade 15: poder 20, portal 1 (7.94204ms)
✔ Atividade 15: poder 20, portal 2 (7.1304ms)
✔ Atividade 15: poder 20, portal 3 (2.758307ms)
✔ Atividade 15: poder 10, portal 1 (3.241224ms)
✔ Atividade 15: poder 10, portal 2 (5.091395ms)
✔ Atividade 15: poder 10, portal 3 (6.29824ms)
✔ Atividade 15: poder 9, portal 1 (7.098172ms)
✔ Atividade 15: poder 9, portal 2 (6.83023ms)
✔ Atividade 15: poder 9, portal 3 (6.243997ms)
✔ Solução oficial completa da 15 preservada: 25 (8.435904ms)
✔ Solução oficial completa da 15 preservada: 15 (5.145196ms)
✔ Solução oficial completa da 15 preservada: 5 (5.169523ms)
✔ Programa com classificação forçada incorreta não recompensa: 25 como 5 (7.325955ms)
✔ Programa com classificação forçada incorreta não recompensa: 15 como 25 (5.641342ms)
✔ Programa com classificação forçada incorreta não recompensa: 5 como 15 (5.092411ms)
✔ Conceito e comando em ramo não executado não satisfazem objetivo (4.460807ms)
✔ Loop sem iteração não satisfaz objetivo de repetição (4.053735ms)
✔ Portal sem input não ativa nem recebe correctPortal (4.481508ms)
✔ Novas sprites substituem escudos, estante e bandeira nos papéis principais (15.207354ms)
✔ Python: if/elif/else e duas camadas (27.358954ms)
✔ Python: dois espaços válidos em Python (7.858215ms)
✔ Python: comentários e linhas vazias não definem nível (11.252718ms)
✔ Python: for aninhado e acumulador (5.893982ms)
✔ Python: while, if e break (6.09181ms)
✔ Python: comparação encadeada (5.172737ms)
✔ Python: and/or retornam operandos e curto-circuitam (5.641041ms)
✔ Python: precedência de not (5.483795ms)
✔ Python: int trunca números e aceita inteiros textuais (7.83872ms)
✔ Python: range negativo (6.024208ms)
✔ Python: comparação booleana numérica Python (2.802113ms)
✔ Indentação inválida: fora de bloco (4.604984ms)
✔ Indentação inválida: dedent inexistente (5.434371ms)
✔ Indentação inválida: bloco sem corpo (5.200478ms)
✔ Indentação inválida: else solto (9.4374ms)
✔ Indentação inválida: mistura de tab e espaços (8.220639ms)
✔ Indentação inválida: if sem dois-pontos (2.910936ms)
✔ Indentação inválida: elif após else (2.694702ms)
✔ Entrada/tipo inválido: x = int("") (4.837463ms)
✔ Entrada/tipo inválido: x = int(" ") (4.089048ms)
✔ Entrada/tipo inválido: x = int("3.0") (4.600847ms)
✔ Entrada/tipo inválido: x = int("0x10") (3.964301ms)
✔ Entrada/tipo inválido: x = int("erro") (6.935898ms)
✔ Entrada/tipo inválido: x = "10" >= 2 (2.755133ms)
✔ Entrada/tipo inválido: x = range("2") (3.378188ms)
✔ Entrada/tipo inválido: x = range(1, 2, 0) (4.706806ms)
✔ Entrada/tipo inválido: x = int(1,2) (4.073745ms)
✔ Entrada/tipo inválido: virar_direita(1) (3.930981ms)
✔ Erro em elif informa a própria linha (4.340766ms)
✔ input e print preservam o texto e booleanos Python (6.060362ms)
✔ Palavra da atividade 6: exata (9.743419ms)
✔ Palavra da atividade 6: espaços (11.847823ms)
✔ Palavra da atividade 6: incorreta (8.301692ms)
✔ Palavra da atividade 6: minúscula (6.150658ms)
✔ Palavra da atividade 7: exata (7.632996ms)
✔ Palavra da atividade 7: espaços (7.745486ms)
✔ Palavra da atividade 7: incorreta (3.598951ms)
✔ Palavra da atividade 7: minúscula (3.018939ms)
✔ Input numérico vazio é erro recuperável na atividade 8 (11.714813ms)
✔ Input numérico vazio é erro recuperável na atividade 9 (9.699233ms)
✔ Input numérico vazio é erro recuperável na atividade 10 (5.18808ms)
✔ Input numérico vazio é erro recuperável na atividade 13 (5.046398ms)
✔ Input numérico vazio é erro recuperável na atividade 15 (5.310174ms)
✔ Atividade 1: solução com blocos de 2 espaços e comentários (3.704971ms)
✔ Atividade 2: solução com blocos de 2 espaços e comentários (3.038638ms)
✔ Atividade 3: solução com blocos de 2 espaços e comentários (3.589277ms)
✔ Atividade 4: solução com blocos de 2 espaços e comentários (3.361945ms)
✔ Atividade 5: solução com blocos de 2 espaços e comentários (11.558534ms)
✔ Atividade 6: solução com blocos de 2 espaços e comentários (3.419811ms)
✔ Atividade 7: solução com blocos de 2 espaços e comentários (3.673683ms)
✔ Atividade 8: solução com blocos de 2 espaços e comentários (4.089538ms)
✔ Atividade 9: solução com blocos de 2 espaços e comentários (4.945936ms)
✔ Atividade 10: solução com blocos de 2 espaços e comentários (4.308538ms)
✔ Atividade 11: solução com blocos de 2 espaços e comentários (5.355652ms)
✔ Atividade 12: solução com blocos de 2 espaços e comentários (3.863449ms)
✔ Atividade 13: solução com blocos de 2 espaços e comentários (4.252223ms)
✔ Atividade 14: solução com blocos de 2 espaços e comentários (4.143891ms)
✔ Atividade 15: solução com blocos de 2 espaços e comentários (4.194357ms)
✔ Atividade 16: solução com blocos de 2 espaços e comentários (4.444081ms)
✔ Atividade 17: solução com blocos de 2 espaços e comentários (7.965327ms)
✔ Atividade 18: solução com blocos de 2 espaços e comentários (3.870199ms)
✔ Atividade 19: solução com blocos de 2 espaços e comentários (3.735076ms)
✔ Atividade 20: solução com blocos de 2 espaços e comentários (6.601264ms)
✔ As vinte atividades desbloqueiam em ordem, com replay idempotente (48.981074ms)
✔ Persistência continua em memória quando localStorage falha (6.683969ms)
✔ M01 libera a pressão ao sair e M02 não alterna duas vezes na mesma entrada (4.970112ms)
✔ M03 alterna alavanca e restaura a conexão (5.761503ms)
✔ Objetivos físicos atualizam durante o movimento (5.855735ms)
✔ Dados do jogador são publicados sem ler testInputs ou officialSolution (9.207433ms)
✔ Todos os assets oficiais e scripts referenciados existem (2.875564ms)
✔ Atividade 12: pisar novamente na placa mantém o sensor coerente com as duas rotas (2.925409ms)
✔ UI/renderer real com adaptadores: atividade 1, solução, replay e limpeza (48.317376ms)
✔ UI/renderer real com adaptadores: atividade 2, solução, replay e limpeza (9.476127ms)
✔ UI/renderer real com adaptadores: atividade 3, solução, replay e limpeza (14.859441ms)
✔ UI/renderer real com adaptadores: atividade 4, solução, replay e limpeza (10.034367ms)
✔ UI/renderer real com adaptadores: atividade 5, solução, replay e limpeza (12.405972ms)
✔ UI/renderer real com adaptadores: atividade 6, solução, replay e limpeza (12.112642ms)
✔ UI/renderer real com adaptadores: atividade 7, solução, replay e limpeza (14.092939ms)
✔ UI/renderer real com adaptadores: atividade 8, solução, replay e limpeza (18.121586ms)
✔ UI/renderer real com adaptadores: atividade 9, solução, replay e limpeza (14.687513ms)
✔ UI/renderer real com adaptadores: atividade 10, solução, replay e limpeza (71.041106ms)
✔ UI/renderer real com adaptadores: atividade 11, solução, replay e limpeza (24.3035ms)
✔ UI/renderer real com adaptadores: atividade 12, solução, replay e limpeza (11.537176ms)
✔ UI/renderer real com adaptadores: atividade 13, solução, replay e limpeza (16.557284ms)
✔ UI/renderer real com adaptadores: atividade 14, solução, replay e limpeza (18.982791ms)
✔ UI/renderer real com adaptadores: atividade 15, solução, replay e limpeza (25.260529ms)
✔ UI/renderer real com adaptadores: atividade 16, solução, replay e limpeza (12.904693ms)
✔ UI/renderer real com adaptadores: atividade 17, solução, replay e limpeza (17.304668ms)
✔ UI/renderer real com adaptadores: atividade 18, solução, replay e limpeza (17.481007ms)
✔ UI/renderer real com adaptadores: atividade 19, solução, replay e limpeza (17.8452ms)
✔ UI/renderer real com adaptadores: atividade 20, solução, replay e limpeza (36.265105ms)
✔ Feedback extenso preserva controles e conteúdo como texto (sem medição CSS) (8.544847ms)
✔ input mostra pergunta, recebe texto exato, fecha e permite nova entrada (7.703793ms)
✔ Restaurar durante input cancela execução sem perder vidas (25.25385ms)
✔ Anterior/próxima preservam rascunho e usam fade; fase bloqueada não navega (14.522305ms)
✔ Todos os estados visuais das entidades apontam para texturas catalogadas (7.907288ms)
✔ Menu mostra progresso e abre a atividade disponível sem perfil (7.538425ms)
ℹ tests 146
ℹ suites 0
ℹ pass 146
ℹ fail 0
ℹ cancelled 0
ℹ skipped 0
ℹ todo 0
ℹ duration_ms 637.285571
