✔ Enter após dois pontos (1.138101ms)
✔ Enter mantém bloco (0.386591ms)
✔ Enter após comentário (0.121733ms)
✔ Enter ignora # em string (0.082524ms)
✔ Tab acrescenta quatro espaços (0.184558ms)
✔ Shift Tab recua (1.499584ms)
✔ Shift Tab recua parcial (0.131468ms)
✔ Shift Tab no nível zero (0.109134ms)
✔ Tab e Shift Tab em seleção multilinha preservam linhas externas (0.889317ms)
✔ Enter substitui seleção sem apagar o restante (0.196486ms)
✔ else retorna ao nível do if (0.411969ms)
✔ elif em bloco aninhado alinha com if interno (0.210316ms)
✔ Editor: eventos reais do componente, numeração, erro, scroll e limpeza (0.708435ms)
✔ Zoom inicial, mínimo e máximo (0.483567ms)
✔ Zoom mantém ponto sob cursor fora dos limites (0.245499ms)
✔ Pan considera zoom e limita os quatro lados (0.258579ms)
✔ Mapa menor que viewport permanece centralizado (0.102264ms)
✔ Acompanhamento aproxima suavemente e converge (0.620142ms)
✔ Câmera integra eventos, recenter, viewport Phaser e remoção de listeners (3.272065ms)
✔ Todos os spritesheets têm quadros compatíveis com as dimensões PNG (4.630201ms)
✔ Contrato CSS: livro limitado, áreas roláveis e rodapé não encolhe (análise estática) (0.470037ms)
✔ Atividade 15: poder 25, portal 1 (12.269942ms)
✔ Atividade 15: poder 25, portal 2 (8.775774ms)
✔ Atividade 15: poder 25, portal 3 (5.603755ms)
✔ Atividade 15: poder 15, portal 1 (7.167256ms)
✔ Atividade 15: poder 15, portal 2 (5.208751ms)
✔ Atividade 15: poder 15, portal 3 (4.379234ms)
✔ Atividade 15: poder 5, portal 1 (3.621264ms)
✔ Atividade 15: poder 5, portal 2 (4.019253ms)
✔ Atividade 15: poder 5, portal 3 (3.73148ms)
✔ Atividade 15: poder 20, portal 1 (3.323086ms)
✔ Atividade 15: poder 20, portal 2 (4.662009ms)
✔ Atividade 15: poder 20, portal 3 (2.949855ms)
✔ Atividade 15: poder 10, portal 1 (3.192711ms)
✔ Atividade 15: poder 10, portal 2 (2.757706ms)
✔ Atividade 15: poder 10, portal 3 (3.006771ms)
✔ Atividade 15: poder 9, portal 1 (3.019399ms)
✔ Atividade 15: poder 9, portal 2 (4.472854ms)
✔ Atividade 15: poder 9, portal 3 (2.507921ms)
✔ Solução oficial completa da 15 preservada: 25 (8.436824ms)
✔ Solução oficial completa da 15 preservada: 15 (4.527878ms)
✔ Solução oficial completa da 15 preservada: 5 (6.901716ms)
✔ Programa com classificação forçada incorreta não recompensa: 25 como 5 (4.477462ms)
✔ Programa com classificação forçada incorreta não recompensa: 15 como 25 (3.770639ms)
✔ Programa com classificação forçada incorreta não recompensa: 5 como 15 (3.706924ms)
✔ Conceito e comando em ramo não executado não satisfazem objetivo (2.664556ms)
✔ Loop sem iteração não satisfaz objetivo de repetição (3.866974ms)
✔ Portal sem input não ativa nem recebe correctPortal (3.64434ms)
✔ Novas sprites substituem escudos, estante e bandeira nos papéis principais (4.053054ms)
✔ Python: if/elif/else e duas camadas (25.947961ms)
✔ Python: dois espaços válidos em Python (5.275692ms)
✔ Python: comentários e linhas vazias não definem nível (5.929485ms)
✔ Python: for aninhado e acumulador (6.032419ms)
✔ Python: while, if e break (4.733657ms)
✔ Python: comparação encadeada (4.49571ms)
✔ Python: and/or retornam operandos e curto-circuitam (4.726166ms)
✔ Python: precedência de not (4.741429ms)
✔ Python: int trunca números e aceita inteiros textuais (4.894859ms)
✔ Python: range negativo (5.812699ms)
✔ Python: comparação booleana numérica Python (4.580937ms)
✔ Indentação inválida: fora de bloco (4.298744ms)
✔ Indentação inválida: dedent inexistente (4.26355ms)
✔ Indentação inválida: bloco sem corpo (4.012102ms)
✔ Indentação inválida: else solto (3.783388ms)
✔ Indentação inválida: mistura de tab e espaços (4.690853ms)
✔ Indentação inválida: if sem dois-pontos (3.953694ms)
✔ Indentação inválida: elif após else (3.893814ms)
✔ Entrada/tipo inválido: x = int("") (4.093394ms)
✔ Entrada/tipo inválido: x = int(" ") (3.93739ms)
✔ Entrada/tipo inválido: x = int("3.0") (4.445944ms)
✔ Entrada/tipo inválido: x = int("0x10") (6.395025ms)
✔ Entrada/tipo inválido: x = int("erro") (3.952553ms)
✔ Entrada/tipo inválido: x = "10" >= 2 (3.97703ms)
✔ Entrada/tipo inválido: x = range("2") (3.822978ms)
✔ Entrada/tipo inválido: x = range(1, 2, 0) (4.713186ms)
✔ Entrada/tipo inválido: x = int(1,2) (4.435999ms)
✔ Entrada/tipo inválido: virar_direita(1) (4.188498ms)
✔ Erro em elif informa a própria linha (4.557833ms)
✔ input e print preservam o texto e booleanos Python (5.011625ms)
✔ Palavra da atividade 6: exata (6.563138ms)
✔ Palavra da atividade 6: espaços (5.519078ms)
✔ Palavra da atividade 6: incorreta (4.930713ms)
✔ Palavra da atividade 6: minúscula (4.886187ms)
✔ Palavra da atividade 7: exata (5.626329ms)
✔ Palavra da atividade 7: espaços (7.107245ms)
✔ Palavra da atividade 7: incorreta (4.8221ms)
✔ Palavra da atividade 7: minúscula (4.799836ms)
✔ Input numérico vazio é erro recuperável na atividade 8 (8.24094ms)
✔ Input numérico vazio é erro recuperável na atividade 9 (12.332152ms)
✔ Input numérico vazio é erro recuperável na atividade 10 (8.10154ms)
✔ Input numérico vazio é erro recuperável na atividade 13 (6.327864ms)
✔ Input numérico vazio é erro recuperável na atividade 15 (7.131452ms)
✔ Atividade 1: solução com blocos de 2 espaços e comentários (5.670676ms)
✔ Atividade 2: solução com blocos de 2 espaços e comentários (4.564843ms)
✔ Atividade 3: solução com blocos de 2 espaços e comentários (4.886207ms)
✔ Atividade 4: solução com blocos de 2 espaços e comentários (5.964507ms)
✔ Atividade 5: solução com blocos de 2 espaços e comentários (6.570218ms)
✔ Atividade 6: solução com blocos de 2 espaços e comentários (6.871731ms)
✔ Atividade 7: solução com blocos de 2 espaços e comentários (7.186945ms)
✔ Atividade 8: solução com blocos de 2 espaços e comentários (9.779453ms)
✔ Atividade 9: solução com blocos de 2 espaços e comentários (5.436954ms)
✔ Atividade 10: solução com blocos de 2 espaços e comentários (6.892773ms)
✔ Atividade 11: solução com blocos de 2 espaços e comentários (7.161117ms)
✔ Atividade 12: solução com blocos de 2 espaços e comentários (9.858913ms)
✔ Atividade 13: solução com blocos de 2 espaços e comentários (10.740027ms)
✔ Atividade 14: solução com blocos de 2 espaços e comentários (9.744911ms)
✔ Atividade 15: solução com blocos de 2 espaços e comentários (9.906584ms)
✔ Atividade 16: solução com blocos de 2 espaços e comentários (11.470576ms)
✔ Atividade 17: solução com blocos de 2 espaços e comentários (4.048167ms)
✔ Atividade 18: solução com blocos de 2 espaços e comentários (4.17068ms)
✔ Atividade 19: solução com blocos de 2 espaços e comentários (5.488461ms)
✔ Atividade 20: solução com blocos de 2 espaços e comentários (7.480146ms)
✔ As vinte atividades desbloqueiam em ordem, com replay idempotente (72.327052ms)
✔ Persistência continua em memória quando localStorage falha (11.689294ms)
✔ M01 libera a pressão ao sair e M02 não alterna duas vezes na mesma entrada (13.165915ms)
✔ M03 alterna alavanca e restaura a conexão (4.046684ms)
✔ Objetivos físicos atualizam durante o movimento (4.120445ms)
✔ Dados do jogador são publicados sem ler testInputs ou officialSolution (4.705204ms)
✖ Todos os assets oficiais e scripts referenciados existem (5.883356ms)
✔ Atividade 12: pisar novamente na placa mantém o sensor coerente com as duas rotas (5.486308ms)
✔ UI/renderer real com adaptadores: atividade 1, solução, replay e limpeza (44.691781ms)
✔ UI/renderer real com adaptadores: atividade 2, solução, replay e limpeza (12.314304ms)
✔ UI/renderer real com adaptadores: atividade 3, solução, replay e limpeza (14.788514ms)
✔ UI/renderer real com adaptadores: atividade 4, solução, replay e limpeza (13.954971ms)
✔ UI/renderer real com adaptadores: atividade 5, solução, replay e limpeza (18.007714ms)
✔ UI/renderer real com adaptadores: atividade 6, solução, replay e limpeza (17.098418ms)
✔ UI/renderer real com adaptadores: atividade 7, solução, replay e limpeza (19.532656ms)
✔ UI/renderer real com adaptadores: atividade 8, solução, replay e limpeza (24.903512ms)
✔ UI/renderer real com adaptadores: atividade 9, solução, replay e limpeza (21.859005ms)
✔ UI/renderer real com adaptadores: atividade 10, solução, replay e limpeza (44.649839ms)
✔ UI/renderer real com adaptadores: atividade 11, solução, replay e limpeza (21.063999ms)
✔ UI/renderer real com adaptadores: atividade 12, solução, replay e limpeza (16.746959ms)
✔ UI/renderer real com adaptadores: atividade 13, solução, replay e limpeza (23.880303ms)
✔ UI/renderer real com adaptadores: atividade 14, solução, replay e limpeza (30.908941ms)
✔ UI/renderer real com adaptadores: atividade 15, solução, replay e limpeza (22.044764ms)
✔ UI/renderer real com adaptadores: atividade 16, solução, replay e limpeza (12.230769ms)
✔ UI/renderer real com adaptadores: atividade 17, solução, replay e limpeza (15.63ms)
✔ UI/renderer real com adaptadores: atividade 18, solução, replay e limpeza (14.47969ms)
✔ UI/renderer real com adaptadores: atividade 19, solução, replay e limpeza (13.472265ms)
✔ UI/renderer real com adaptadores: atividade 20, solução, replay e limpeza (30.530392ms)
✔ Feedback extenso preserva controles e conteúdo como texto (sem medição CSS) (6.210778ms)
✔ input mostra pergunta, recebe texto exato, fecha e permite nova entrada (7.420517ms)
✔ Restaurar durante input cancela execução sem perder vidas (36.24925ms)
✔ Anterior/próxima preservam rascunho e usam fade; fase bloqueada não navega (18.974468ms)
✔ Todos os estados visuais das entidades apontam para texturas catalogadas (10.920789ms)
✔ Menu mostra progresso e abre a atividade disponível sem perfil (9.393332ms)
ℹ tests 146
ℹ suites 0
ℹ pass 145
ℹ fail 1
ℹ cancelled 0
ℹ skipped 0
ℹ todo 0
ℹ duration_ms 646.064874

✖ failing tests:

test at tests/regression.test.cjs:49:1
✖ Todos os assets oficiais e scripts referenciados existem (5.883356ms)
  AssertionError [ERR_ASSERTION]: activities-v3.js
      at TestContext.<anonymous> (/workspace/scratch/3d7e9c33b5c0/Pyton_Knight_V3/tests/regression.test.cjs:49:343)
      at Test.runInAsyncScope (node:async_hooks:227:14)
      at Test.run (node:internal/test_runner/test:1382:25)
      at Test.processPendingSubtests (node:internal/test_runner/test:960:18)
      at Test.postRun (node:internal/test_runner/test:1522:19)
      at Test.run (node:internal/test_runner/test:1447:12)
      at async Test.processPendingSubtests (node:internal/test_runner/test:960:7) {
    generatedMessage: false,
    code: 'ERR_ASSERTION',
    actual: false,
    expected: true,
    operator: '==',
    diff: 'simple'
  }
