✔ Enter após dois pontos (1.601929ms)
✔ Enter mantém bloco (0.227703ms)
✔ Enter após comentário (0.135553ms)
✔ Enter ignora # em string (0.142344ms)
✔ Tab acrescenta quatro espaços (0.127872ms)
✔ Shift Tab recua (3.225711ms)
✔ Shift Tab recua parcial (0.138699ms)
✔ Shift Tab no nível zero (0.151768ms)
✔ Tab e Shift Tab em seleção multilinha preservam linhas externas (0.179179ms)
✔ Enter substitui seleção sem apagar o restante (0.221573ms)
✔ else retorna ao nível do if (0.405199ms)
✔ elif em bloco aninhado alinha com if interno (0.149084ms)
✔ Editor: eventos reais do componente, numeração, erro, scroll e limpeza (0.47904ms)
✔ Zoom inicial, mínimo e máximo (0.204047ms)
✔ Zoom mantém ponto sob cursor fora dos limites (0.137296ms)
✔ Pan considera zoom e limita os quatro lados (0.269495ms)
✔ Mapa menor que viewport permanece centralizado (0.096325ms)
✔ Acompanhamento aproxima suavemente e converge (0.334633ms)
✔ Câmera integra eventos, recenter, viewport Phaser e remoção de listeners (2.447451ms)
✔ Todos os spritesheets têm quadros compatíveis com as dimensões PNG (3.942069ms)
✔ Contrato CSS: livro limitado, áreas roláveis e rodapé não encolhe (análise estática) (0.441584ms)
✔ Atividade 15: poder 25, portal 1 (14.45528ms)
✔ Atividade 15: poder 25, portal 2 (4.726879ms)
✔ Atividade 15: poder 25, portal 3 (4.847821ms)
✔ Atividade 15: poder 15, portal 1 (5.980474ms)
✔ Atividade 15: poder 15, portal 2 (4.46835ms)
✔ Atividade 15: poder 15, portal 3 (4.378285ms)
✔ Atividade 15: poder 5, portal 1 (4.238645ms)
✔ Atividade 15: poder 5, portal 2 (4.394599ms)
✔ Atividade 15: poder 5, portal 3 (4.465957ms)
✔ Atividade 15: poder 20, portal 1 (7.524877ms)
✔ Atividade 15: poder 20, portal 2 (4.497543ms)
✔ Atividade 15: poder 20, portal 3 (4.1696ms)
✔ Atividade 15: poder 10, portal 1 (4.302531ms)
✔ Atividade 15: poder 10, portal 2 (3.087594ms)
✔ Atividade 15: poder 10, portal 3 (2.85918ms)
✔ Atividade 15: poder 9, portal 1 (2.999471ms)
✔ Atividade 15: poder 9, portal 2 (5.688866ms)
✔ Atividade 15: poder 9, portal 3 (3.987116ms)
✔ Solução oficial completa da 15 preservada: 25 (12.055381ms)
✔ Solução oficial completa da 15 preservada: 15 (6.39628ms)
✔ Solução oficial completa da 15 preservada: 5 (8.121915ms)
✔ Programa com classificação forçada incorreta não recompensa: 25 como 5 (6.433155ms)
✔ Programa com classificação forçada incorreta não recompensa: 15 como 25 (5.989368ms)
✔ Programa com classificação forçada incorreta não recompensa: 5 como 15 (5.969598ms)
✔ Conceito e comando em ramo não executado não satisfazem objetivo (4.656894ms)
✔ Loop sem iteração não satisfaz objetivo de repetição (4.708932ms)
✔ Portal sem input não ativa nem recebe correctPortal (4.26275ms)
✔ Novas sprites substituem escudos, estante e bandeira nos papéis principais (4.480909ms)
✔ Python: if/elif/else e duas camadas (20.482564ms)
✔ Python: dois espaços válidos em Python (3.92275ms)
✔ Python: comentários e linhas vazias não definem nível (5.050185ms)
✔ Python: for aninhado e acumulador (4.859168ms)
✔ Python: while, if e break (3.631271ms)
✔ Python: comparação encadeada (3.082546ms)
✔ Python: and/or retornam operandos e curto-circuitam (3.673775ms)
✔ Python: precedência de not (4.001462ms)
✔ Python: int trunca números e aceita inteiros textuais (4.981833ms)
✔ Python: range negativo (3.243758ms)
✔ Python: comparação booleana numérica Python (3.386633ms)
✔ Indentação inválida: fora de bloco (4.544114ms)
✔ Indentação inválida: dedent inexistente (3.694907ms)
✔ Indentação inválida: bloco sem corpo (3.120202ms)
✔ Indentação inválida: else solto (4.480268ms)
✔ Indentação inválida: mistura de tab e espaços (2.806991ms)
✔ Indentação inválida: if sem dois-pontos (2.861473ms)
✔ Indentação inválida: elif após else (2.536885ms)
✔ Entrada/tipo inválido: x = int("") (3.666494ms)
✔ Entrada/tipo inválido: x = int(" ") (4.077932ms)
✔ Entrada/tipo inválido: x = int("3.0") (3.999966ms)
✔ Entrada/tipo inválido: x = int("0x10") (5.922516ms)
✔ Entrada/tipo inválido: x = int("erro") (4.284614ms)
✔ Entrada/tipo inválido: x = "10" >= 2 (4.066656ms)
✔ Entrada/tipo inválido: x = range("2") (4.087357ms)
✔ Entrada/tipo inválido: x = range(1, 2, 0) (4.385014ms)
✔ Entrada/tipo inválido: x = int(1,2) (4.131584ms)
✔ Entrada/tipo inválido: virar_direita(1) (4.348449ms)
✔ Erro em elif informa a própria linha (4.344053ms)
✔ input e print preservam o texto e booleanos Python (4.805948ms)
✔ Palavra da atividade 6: exata (6.97466ms)
✔ Palavra da atividade 6: espaços (5.81152ms)
✔ Palavra da atividade 6: incorreta (5.216005ms)
✔ Palavra da atividade 6: minúscula (5.460051ms)
✔ Palavra da atividade 7: exata (8.887356ms)
✔ Palavra da atividade 7: espaços (5.287472ms)
✔ Palavra da atividade 7: incorreta (4.795342ms)
✔ Palavra da atividade 7: minúscula (6.882732ms)
✔ Input numérico vazio é erro recuperável na atividade 8 (10.427121ms)
✔ Input numérico vazio é erro recuperável na atividade 9 (4.072064ms)
✔ Input numérico vazio é erro recuperável na atividade 10 (5.466231ms)
✔ Input numérico vazio é erro recuperável na atividade 13 (4.402471ms)
✔ Input numérico vazio é erro recuperável na atividade 15 (5.061462ms)
✔ Atividade 1: solução com blocos de 2 espaços e comentários (3.216417ms)
✔ Atividade 2: solução com blocos de 2 espaços e comentários (3.019861ms)
✔ Atividade 3: solução com blocos de 2 espaços e comentários (3.229066ms)
✔ Atividade 4: solução com blocos de 2 espaços e comentários (3.268966ms)
✔ Atividade 5: solução com blocos de 2 espaços e comentários (3.358221ms)
✔ Atividade 6: solução com blocos de 2 espaços e comentários (4.818256ms)
✔ Atividade 7: solução com blocos de 2 espaços e comentários (3.51092ms)
✔ Atividade 8: solução com blocos de 2 espaços e comentários (3.680306ms)
✔ Atividade 9: solução com blocos de 2 espaços e comentários (6.511643ms)
✔ Atividade 10: solução com blocos de 2 espaços e comentários (5.336385ms)
✔ Atividade 11: solução com blocos de 2 espaços e comentários (4.075539ms)
✔ Atividade 12: solução com blocos de 2 espaços e comentários (3.879484ms)
✔ Atividade 13: solução com blocos de 2 espaços e comentários (4.120497ms)
✔ Atividade 14: solução com blocos de 2 espaços e comentários (6.813156ms)
✔ Atividade 15: solução com blocos de 2 espaços e comentários (4.50112ms)
✔ Atividade 16: solução com blocos de 2 espaços e comentários (3.693264ms)
✔ Atividade 17: solução com blocos de 2 espaços e comentários (4.40181ms)
✔ Atividade 18: solução com blocos de 2 espaços e comentários (4.361799ms)
✔ Atividade 19: solução com blocos de 2 espaços e comentários (4.191685ms)
✔ Atividade 20: solução com blocos de 2 espaços e comentários (5.937829ms)
✔ As vinte atividades desbloqueiam em ordem, com replay idempotente (50.400539ms)
✔ Persistência continua em memória quando localStorage falha (4.301099ms)
✔ M01 libera a pressão ao sair e M02 não alterna duas vezes na mesma entrada (2.855715ms)
✔ M03 alterna alavanca e restaura a conexão (2.670245ms)
✔ Objetivos físicos atualizam durante o movimento (3.044158ms)
✔ Dados do jogador são publicados sem ler testInputs ou officialSolution (3.228275ms)
✔ Todos os assets oficiais e scripts referenciados existem (3.077879ms)
✔ Atividade 12: pisar novamente na placa mantém o sensor coerente com as duas rotas (6.486555ms)
✔ UI/renderer real com adaptadores: atividade 1, solução, replay e limpeza (38.336145ms)
✔ UI/renderer real com adaptadores: atividade 2, solução, replay e limpeza (10.583166ms)
✔ UI/renderer real com adaptadores: atividade 3, solução, replay e limpeza (10.933593ms)
✔ UI/renderer real com adaptadores: atividade 4, solução, replay e limpeza (9.858166ms)
✔ UI/renderer real com adaptadores: atividade 5, solução, replay e limpeza (9.943584ms)
✔ UI/renderer real com adaptadores: atividade 6, solução, replay e limpeza (11.788429ms)
✔ UI/renderer real com adaptadores: atividade 7, solução, replay e limpeza (12.291655ms)
✔ UI/renderer real com adaptadores: atividade 8, solução, replay e limpeza (16.885264ms)
✔ UI/renderer real com adaptadores: atividade 9, solução, replay e limpeza (17.09481ms)
✔ UI/renderer real com adaptadores: atividade 10, solução, replay e limpeza (38.495194ms)
✔ UI/renderer real com adaptadores: atividade 11, solução, replay e limpeza (16.966567ms)
✔ UI/renderer real com adaptadores: atividade 12, solução, replay e limpeza (14.772091ms)
✔ UI/renderer real com adaptadores: atividade 13, solução, replay e limpeza (17.325858ms)
✔ UI/renderer real com adaptadores: atividade 14, solução, replay e limpeza (21.723491ms)
✔ UI/renderer real com adaptadores: atividade 15, solução, replay e limpeza (17.267249ms)
✔ UI/renderer real com adaptadores: atividade 16, solução, replay e limpeza (15.053319ms)
✔ UI/renderer real com adaptadores: atividade 17, solução, replay e limpeza (18.131058ms)
✔ UI/renderer real com adaptadores: atividade 18, solução, replay e limpeza (18.489127ms)
✔ UI/renderer real com adaptadores: atividade 19, solução, replay e limpeza (16.105361ms)
✔ UI/renderer real com adaptadores: atividade 20, solução, replay e limpeza (44.529644ms)
✔ Feedback extenso preserva controles e conteúdo como texto (sem medição CSS) (13.669618ms)
✔ input mostra pergunta, recebe texto exato, fecha e permite nova entrada (17.437706ms)
✔ Restaurar durante input cancela execução sem perder vidas (20.198587ms)
✔ Anterior/próxima preservam rascunho e usam fade; fase bloqueada não navega (8.087334ms)
✔ Todos os estados visuais das entidades apontam para texturas catalogadas (5.416446ms)
✔ Menu mostra progresso e abre a atividade disponível sem perfil (5.061472ms)
ℹ tests 146
ℹ suites 0
ℹ pass 146
ℹ fail 0
ℹ cancelled 0
ℹ skipped 0
ℹ todo 0
ℹ duration_ms 554.779882
