✔ Enter após dois pontos (1.545525ms)
✔ Enter mantém bloco (0.211608ms)
✔ Enter após comentário (0.185889ms)
✔ Enter ignora # em string (0.180472ms)
✔ Tab acrescenta quatro espaços (0.129405ms)
✔ Shift Tab recua (1.139263ms)
✔ Shift Tab recua parcial (0.16606ms)
✔ Shift Tab no nível zero (0.101082ms)
✔ Tab e Shift Tab em seleção multilinha preservam linhas externas (0.260943ms)
✔ Enter substitui seleção sem apagar o restante (0.282104ms)
✔ else retorna ao nível do if (0.531899ms)
✔ elif em bloco aninhado alinha com if interno (0.210647ms)
✔ Editor: eventos reais do componente, numeração, erro, scroll e limpeza (0.733804ms)
✔ Zoom inicial, mínimo e máximo (0.280562ms)
✔ Zoom mantém ponto sob cursor fora dos limites (0.177076ms)
✔ Pan considera zoom e limita os quatro lados (0.289215ms)
✔ Mapa menor que viewport permanece centralizado (0.141583ms)
✔ Acompanhamento aproxima suavemente e converge (0.469567ms)
✔ Câmera integra eventos, recenter, viewport Phaser e remoção de listeners (2.016402ms)
✔ Todos os spritesheets têm quadros compatíveis com as dimensões PNG (4.570022ms)
✔ Contrato CSS: livro limitado, áreas roláveis e rodapé não encolhe (análise estática) (0.45894ms)
✔ Atividade 15: poder 25, portal 1 (10.344265ms)
✔ Atividade 15: poder 25, portal 2 (4.64234ms)
✔ Atividade 15: poder 25, portal 3 (3.287194ms)
✔ Atividade 15: poder 15, portal 1 (6.897136ms)
✔ Atividade 15: poder 15, portal 2 (3.016607ms)
✔ Atividade 15: poder 15, portal 3 (3.977441ms)
✔ Atividade 15: poder 5, portal 1 (2.996726ms)
✔ Atividade 15: poder 5, portal 2 (3.649118ms)
✔ Atividade 15: poder 5, portal 3 (3.423137ms)
✔ Atividade 15: poder 20, portal 1 (3.460133ms)
✔ Atividade 15: poder 20, portal 2 (4.447077ms)
✔ Atividade 15: poder 20, portal 3 (3.833164ms)
✔ Atividade 15: poder 10, portal 1 (3.316137ms)
✔ Atividade 15: poder 10, portal 2 (2.865729ms)
✔ Atividade 15: poder 10, portal 3 (2.670266ms)
✔ Atividade 15: poder 9, portal 1 (2.750346ms)
✔ Atividade 15: poder 9, portal 2 (4.230201ms)
✔ Atividade 15: poder 9, portal 3 (3.129686ms)
✔ Solução oficial completa da 15 preservada: 25 (8.349907ms)
✔ Solução oficial completa da 15 preservada: 15 (4.785306ms)
✔ Solução oficial completa da 15 preservada: 5 (8.044256ms)
✔ Programa com classificação forçada incorreta não recompensa: 25 como 5 (4.79448ms)
✔ Programa com classificação forçada incorreta não recompensa: 15 como 25 (4.071492ms)
✔ Programa com classificação forçada incorreta não recompensa: 5 como 15 (4.100336ms)
✔ Conceito e comando em ramo não executado não satisfazem objetivo (3.248745ms)
✔ Loop sem iteração não satisfaz objetivo de repetição (3.785112ms)
✔ Portal sem input não ativa nem recebe correctPortal (3.469888ms)
✔ Novas sprites substituem escudos, estante e bandeira nos papéis principais (3.316277ms)
✔ Python: if/elif/else e duas camadas (18.605688ms)
✔ Python: dois espaços válidos em Python (5.249935ms)
✔ Python: comentários e linhas vazias não definem nível (6.248256ms)
✔ Python: for aninhado e acumulador (4.685186ms)
✔ Python: while, if e break (4.433086ms)
✔ Python: comparação encadeada (12.744339ms)
✔ Python: and/or retornam operandos e curto-circuitam (5.156925ms)
✔ Python: precedência de not (4.634679ms)
✔ Python: int trunca números e aceita inteiros textuais (5.27976ms)
✔ Python: range negativo (6.373785ms)
✔ Python: comparação booleana numérica Python (4.87467ms)
✔ Indentação inválida: fora de bloco (5.656977ms)
✔ Indentação inválida: dedent inexistente (4.455129ms)
✔ Indentação inválida: bloco sem corpo (4.05637ms)
✔ Indentação inválida: else solto (3.910741ms)
✔ Indentação inválida: mistura de tab e espaços (5.618038ms)
✔ Indentação inválida: if sem dois-pontos (4.212365ms)
✔ Indentação inválida: elif após else (4.100005ms)
✔ Entrada/tipo inválido: x = int("") (4.359886ms)
✔ Entrada/tipo inválido: x = int(" ") (4.339846ms)
✔ Entrada/tipo inválido: x = int("3.0") (4.431114ms)
✔ Entrada/tipo inválido: x = int("0x10") (5.77192ms)
✔ Entrada/tipo inválido: x = int("erro") (4.293447ms)
✔ Entrada/tipo inválido: x = "10" >= 2 (4.17016ms)
✔ Entrada/tipo inválido: x = range("2") (3.918803ms)
✔ Entrada/tipo inválido: x = range(1, 2, 0) (4.499686ms)
✔ Entrada/tipo inválido: x = int(1,2) (4.207657ms)
✔ Entrada/tipo inválido: virar_direita(1) (4.1763ms)
✔ Erro em elif informa a própria linha (4.603242ms)
✔ input e print preservam o texto e booleanos Python (4.893029ms)
✔ Palavra da atividade 6: exata (5.834804ms)
✔ Palavra da atividade 6: espaços (5.808946ms)
✔ Palavra da atividade 6: incorreta (5.330446ms)
✔ Palavra da atividade 6: minúscula (4.440928ms)
✔ Palavra da atividade 7: exata (3.726904ms)
✔ Palavra da atividade 7: espaços (4.938056ms)
✔ Palavra da atividade 7: incorreta (3.147503ms)
✔ Palavra da atividade 7: minúscula (3.796459ms)
✔ Input numérico vazio é erro recuperável na atividade 8 (6.4706ms)
✔ Input numérico vazio é erro recuperável na atividade 9 (14.352353ms)
✔ Input numérico vazio é erro recuperável na atividade 10 (7.026035ms)
✔ Input numérico vazio é erro recuperável na atividade 13 (4.936543ms)
✔ Input numérico vazio é erro recuperável na atividade 15 (5.900864ms)
✔ Atividade 1: solução com blocos de 2 espaços e comentários (3.881256ms)
✔ Atividade 2: solução com blocos de 2 espaços e comentários (3.48502ms)
✔ Atividade 3: solução com blocos de 2 espaços e comentários (3.819944ms)
✔ Atividade 4: solução com blocos de 2 espaços e comentários (3.674345ms)
✔ Atividade 5: solução com blocos de 2 espaços e comentários (5.925241ms)
✔ Atividade 6: solução com blocos de 2 espaços e comentários (4.633577ms)
✔ Atividade 7: solução com blocos de 2 espaços e comentários (5.317797ms)
✔ Atividade 8: solução com blocos de 2 espaços e comentários (6.165642ms)
✔ Atividade 9: solução com blocos de 2 espaços e comentários (4.19633ms)
✔ Atividade 10: solução com blocos de 2 espaços e comentários (5.424087ms)
✔ Atividade 11: solução com blocos de 2 espaços e comentários (8.030426ms)
✔ Atividade 12: solução com blocos de 2 espaços e comentários (4.333507ms)
✔ Atividade 13: solução com blocos de 2 espaços e comentários (4.358074ms)
✔ Atividade 14: solução com blocos de 2 espaços e comentários (4.304472ms)
✔ Atividade 15: solução com blocos de 2 espaços e comentários (4.621069ms)
✔ Atividade 16: solução com blocos de 2 espaços e comentários (8.633418ms)
✔ Atividade 17: solução com blocos de 2 espaços e comentários (4.278704ms)
✔ Atividade 18: solução com blocos de 2 espaços e comentários (4.097111ms)
✔ Atividade 19: solução com blocos de 2 espaços e comentários (4.084753ms)
✔ Atividade 20: solução com blocos de 2 espaços e comentários (5.053489ms)
✔ As vinte atividades desbloqueiam em ordem, com replay idempotente (36.192514ms)
✔ Persistência continua em memória quando localStorage falha (7.54117ms)
✔ M01 libera a pressão ao sair e M02 não alterna duas vezes na mesma entrada (2.669343ms)
✔ M03 alterna alavanca e restaura a conexão (2.566539ms)
✔ Objetivos físicos atualizam durante o movimento (2.578187ms)
✔ Dados do jogador são publicados sem ler testInputs ou officialSolution (3.135935ms)
✔ Todos os assets oficiais e scripts referenciados existem (2.833ms)
✔ Atividade 12: pisar novamente na placa mantém o sensor coerente com as duas rotas (2.562143ms)
✔ UI/renderer real com adaptadores: atividade 1, solução, replay e limpeza (29.884599ms)
✔ UI/renderer real com adaptadores: atividade 2, solução, replay e limpeza (21.792395ms)
✔ UI/renderer real com adaptadores: atividade 3, solução, replay e limpeza (14.823542ms)
✔ UI/renderer real com adaptadores: atividade 4, solução, replay e limpeza (16.403106ms)
✔ UI/renderer real com adaptadores: atividade 5, solução, replay e limpeza (18.186008ms)
✔ UI/renderer real com adaptadores: atividade 6, solução, replay e limpeza (19.085991ms)
✔ UI/renderer real com adaptadores: atividade 7, solução, replay e limpeza (21.185668ms)
✔ UI/renderer real com adaptadores: atividade 8, solução, replay e limpeza (27.605111ms)
✔ UI/renderer real com adaptadores: atividade 9, solução, replay e limpeza (25.34962ms)
✔ UI/renderer real com adaptadores: atividade 10, solução, replay e limpeza (42.957402ms)
✔ UI/renderer real com adaptadores: atividade 11, solução, replay e limpeza (14.097099ms)
✔ UI/renderer real com adaptadores: atividade 12, solução, replay e limpeza (11.937281ms)
✔ UI/renderer real com adaptadores: atividade 13, solução, replay e limpeza (18.794958ms)
✔ UI/renderer real com adaptadores: atividade 14, solução, replay e limpeza (29.815691ms)
✔ UI/renderer real com adaptadores: atividade 15, solução, replay e limpeza (18.893542ms)
✔ UI/renderer real com adaptadores: atividade 16, solução, replay e limpeza (16.744469ms)
✔ UI/renderer real com adaptadores: atividade 17, solução, replay e limpeza (18.743556ms)
✔ UI/renderer real com adaptadores: atividade 18, solução, replay e limpeza (18.531647ms)
✔ UI/renderer real com adaptadores: atividade 19, solução, replay e limpeza (16.397799ms)
✔ UI/renderer real com adaptadores: atividade 20, solução, replay e limpeza (39.874106ms)
✔ Feedback extenso preserva controles e conteúdo como texto (sem medição CSS) (6.466574ms)
✔ input mostra pergunta, recebe texto exato, fecha e permite nova entrada (6.912856ms)
✔ Restaurar durante input cancela execução sem perder vidas (15.814892ms)
✔ Anterior/próxima preservam rascunho e usam fade; fase bloqueada não navega (7.530324ms)
✔ Todos os estados visuais das entidades apontam para texturas catalogadas (4.303081ms)
✔ Menu mostra progresso e abre a atividade disponível sem perfil (4.111943ms)
ℹ tests 146
ℹ suites 0
ℹ pass 146
ℹ fail 0
ℹ cancelled 0
ℹ skipped 0
ℹ todo 0
ℹ duration_ms 578.222276
