✔ Enter após dois pontos (1.147736ms)
✔ Enter mantém bloco (0.142895ms)
✔ Enter após comentário (0.081012ms)
✔ Enter ignora # em string (0.129595ms)
✔ Tab acrescenta quatro espaços (0.119951ms)
✔ Shift Tab recua (1.012553ms)
✔ Shift Tab recua parcial (0.14591ms)
✔ Shift Tab no nível zero (0.121152ms)
✔ Tab e Shift Tab em seleção multilinha preservam linhas externas (0.231197ms)
✔ Enter substitui seleção sem apagar o restante (0.219651ms)
✔ else retorna ao nível do if (0.370167ms)
✔ elif em bloco aninhado alinha com if interno (0.1527ms)
✔ Editor: eventos reais do componente, numeração, erro, scroll e limpeza (0.484278ms)
✔ Zoom inicial, mínimo e máximo (0.267523ms)
✔ Zoom mantém ponto sob cursor fora dos limites (0.161562ms)
✔ Pan considera zoom e limita os quatro lados (0.289946ms)
✔ Mapa menor que viewport permanece centralizado (0.1067ms)
✔ Acompanhamento aproxima suavemente e converge (0.352269ms)
✔ Câmera integra eventos, recenter, viewport Phaser e remoção de listeners (1.37622ms)
✔ Todos os spritesheets têm quadros compatíveis com as dimensões PNG (3.21136ms)
✔ Contrato CSS: livro limitado, áreas roláveis e rodapé não encolhe (análise estática) (0.365139ms)
✔ Atividade 15: poder 25, portal 1 (10.490075ms)
✔ Atividade 15: poder 25, portal 2 (4.644094ms)
✔ Atividade 15: poder 25, portal 3 (3.631391ms)
✔ Atividade 15: poder 15, portal 1 (4.623463ms)
✔ Atividade 15: poder 15, portal 2 (4.713628ms)
✔ Atividade 15: poder 15, portal 3 (3.538691ms)
✔ Atividade 15: poder 5, portal 1 (5.104025ms)
✔ Atividade 15: poder 5, portal 2 (3.031038ms)
✔ Atividade 15: poder 5, portal 3 (3.963015ms)
✔ Atividade 15: poder 20, portal 1 (3.767055ms)
✔ Atividade 15: poder 20, portal 2 (5.484878ms)
✔ Atividade 15: poder 20, portal 3 (2.97861ms)
✔ Atividade 15: poder 10, portal 1 (4.78046ms)
✔ Atividade 15: poder 10, portal 2 (2.818458ms)
✔ Atividade 15: poder 10, portal 3 (4.746297ms)
✔ Atividade 15: poder 9, portal 1 (5.577428ms)
✔ Atividade 15: poder 9, portal 2 (5.645951ms)
✔ Atividade 15: poder 9, portal 3 (3.955127ms)
✔ Solução oficial completa da 15 preservada: 25 (11.707215ms)
✔ Solução oficial completa da 15 preservada: 15 (6.559784ms)
✔ Solução oficial completa da 15 preservada: 5 (8.570819ms)
✔ Programa com classificação forçada incorreta não recompensa: 25 como 5 (6.319754ms)
✔ Programa com classificação forçada incorreta não recompensa: 15 como 25 (5.617888ms)
✔ Programa com classificação forçada incorreta não recompensa: 5 como 15 (5.711289ms)
✔ Conceito e comando em ramo não executado não satisfazem objetivo (4.457282ms)
✔ Loop sem iteração não satisfaz objetivo de repetição (4.697614ms)
✔ Portal sem input não ativa nem recebe correctPortal (4.333958ms)
✔ Novas sprites substituem escudos, estante e bandeira nos papéis principais (4.66148ms)
✔ Python: if/elif/else e duas camadas (15.739379ms)
✔ Python: dois espaços válidos em Python (4.250181ms)
✔ Python: comentários e linhas vazias não definem nível (5.098257ms)
✔ Python: for aninhado e acumulador (4.350202ms)
✔ Python: while, if e break (3.417129ms)
✔ Python: comparação encadeada (3.880174ms)
✔ Python: and/or retornam operandos e curto-circuitam (3.925964ms)
✔ Python: precedência de not (3.29824ms)
✔ Python: int trunca números e aceita inteiros textuais (5.604298ms)
✔ Python: range negativo (4.553297ms)
✔ Python: comparação booleana numérica Python (4.106877ms)
✔ Indentação inválida: fora de bloco (3.62385ms)
✔ Indentação inválida: dedent inexistente (3.973695ms)
✔ Indentação inválida: bloco sem corpo (4.816584ms)
✔ Indentação inválida: else solto (4.060857ms)
✔ Indentação inválida: mistura de tab e espaços (5.094892ms)
✔ Indentação inválida: if sem dois-pontos (3.914327ms)
✔ Indentação inválida: elif após else (3.906404ms)
✔ Entrada/tipo inválido: x = int("") (4.438064ms)
✔ Entrada/tipo inválido: x = int(" ") (4.354058ms)
✔ Entrada/tipo inválido: x = int("3.0") (3.98961ms)
✔ Entrada/tipo inválido: x = int("0x10") (5.820062ms)
✔ Entrada/tipo inválido: x = int("erro") (4.175169ms)
✔ Entrada/tipo inválido: x = "10" >= 2 (4.067587ms)
✔ Entrada/tipo inválido: x = range("2") (4.139364ms)
✔ Entrada/tipo inválido: x = range(1, 2, 0) (4.2496ms)
✔ Entrada/tipo inválido: x = int(1,2) (4.62143ms)
✔ Entrada/tipo inválido: virar_direita(1) (4.120787ms)
✔ Erro em elif informa a própria linha (4.506025ms)
✔ input e print preservam o texto e booleanos Python (4.945937ms)
✔ Palavra da atividade 6: exata (6.800927ms)
✔ Palavra da atividade 6: espaços (6.23728ms)
✔ Palavra da atividade 6: incorreta (5.967224ms)
✔ Palavra da atividade 6: minúscula (5.268683ms)
✔ Palavra da atividade 7: exata (7.757596ms)
✔ Palavra da atividade 7: espaços (5.521714ms)
✔ Palavra da atividade 7: incorreta (4.559006ms)
✔ Palavra da atividade 7: minúscula (3.197388ms)
✔ Input numérico vazio é erro recuperável na atividade 8 (6.647566ms)
✔ Input numérico vazio é erro recuperável na atividade 9 (10.175692ms)
✔ Input numérico vazio é erro recuperável na atividade 10 (5.974805ms)
✔ Input numérico vazio é erro recuperável na atividade 13 (4.451415ms)
✔ Input numérico vazio é erro recuperável na atividade 15 (5.265498ms)
✔ Atividade 1: solução com blocos de 2 espaços e comentários (3.248756ms)
✔ Atividade 2: solução com blocos de 2 espaços e comentários (3.140042ms)
✔ Atividade 3: solução com blocos de 2 espaços e comentários (3.370649ms)
✔ Atividade 4: solução com blocos de 2 espaços e comentários (6.130809ms)
✔ Atividade 5: solução com blocos de 2 espaços e comentários (3.590579ms)
✔ Atividade 6: solução com blocos de 2 espaços e comentários (3.659934ms)
✔ Atividade 7: solução com blocos de 2 espaços e comentários (3.543989ms)
✔ Atividade 8: solução com blocos de 2 espaços e comentários (5.553691ms)
✔ Atividade 9: solução com blocos de 2 espaços e comentários (3.483599ms)
✔ Atividade 10: solução com blocos de 2 espaços e comentários (5.037896ms)
✔ Atividade 11: solução com blocos de 2 espaços e comentários (5.391778ms)
✔ Atividade 12: solução com blocos de 2 espaços e comentários (4.553408ms)
✔ Atividade 13: solução com blocos de 2 espaços e comentários (4.264664ms)
✔ Atividade 14: solução com blocos de 2 espaços e comentários (4.695962ms)
✔ Atividade 15: solução com blocos de 2 espaços e comentários (4.485144ms)
✔ Atividade 16: solução com blocos de 2 espaços e comentários (6.833908ms)
✔ Atividade 17: solução com blocos de 2 espaços e comentários (4.294979ms)
✔ Atividade 18: solução com blocos de 2 espaços e comentários (4.170481ms)
✔ Atividade 19: solução com blocos de 2 espaços e comentários (4.210592ms)
✔ Atividade 20: solução com blocos de 2 espaços e comentários (5.52549ms)
✔ As vinte atividades desbloqueiam em ordem, com replay idempotente (39.0211ms)
✔ Persistência continua em memória quando localStorage falha (8.054843ms)
✔ M01 libera a pressão ao sair e M02 não alterna duas vezes na mesma entrada (2.804278ms)
✔ M03 alterna alavanca e restaura a conexão (2.617736ms)
✔ Objetivos físicos atualizam durante o movimento (2.628753ms)
✔ Dados do jogador são publicados sem ler testInputs ou officialSolution (3.158549ms)
✔ Todos os assets oficiais e scripts referenciados existem (4.095229ms)
✔ Atividade 12: pisar novamente na placa mantém o sensor coerente com as duas rotas (4.40199ms)
✔ UI/renderer real com adaptadores: atividade 1, solução, replay e limpeza (30.727548ms)
✔ UI/renderer real com adaptadores: atividade 2, solução, replay e limpeza (9.012854ms)
✔ UI/renderer real com adaptadores: atividade 3, solução, replay e limpeza (11.561436ms)
✔ UI/renderer real com adaptadores: atividade 4, solução, replay e limpeza (10.253559ms)
✔ UI/renderer real com adaptadores: atividade 5, solução, replay e limpeza (17.297658ms)
✔ UI/renderer real com adaptadores: atividade 6, solução, replay e limpeza (12.639817ms)
✔ UI/renderer real com adaptadores: atividade 7, solução, replay e limpeza (12.685307ms)
✔ UI/renderer real com adaptadores: atividade 8, solução, replay e limpeza (18.226834ms)
✔ UI/renderer real com adaptadores: atividade 9, solução, replay e limpeza (15.463935ms)
✔ UI/renderer real com adaptadores: atividade 10, solução, replay e limpeza (42.175534ms)
✔ UI/renderer real com adaptadores: atividade 11, solução, replay e limpeza (20.169591ms)
✔ UI/renderer real com adaptadores: atividade 12, solução, replay e limpeza (10.67262ms)
✔ UI/renderer real com adaptadores: atividade 13, solução, replay e limpeza (14.161896ms)
✔ UI/renderer real com adaptadores: atividade 14, solução, replay e limpeza (24.545372ms)
✔ UI/renderer real com adaptadores: atividade 15, solução, replay e limpeza (16.984391ms)
✔ UI/renderer real com adaptadores: atividade 16, solução, replay e limpeza (14.322919ms)
✔ UI/renderer real com adaptadores: atividade 17, solução, replay e limpeza (16.830931ms)
✔ UI/renderer real com adaptadores: atividade 18, solução, replay e limpeza (15.592118ms)
✔ UI/renderer real com adaptadores: atividade 19, solução, replay e limpeza (14.920949ms)
✔ UI/renderer real com adaptadores: atividade 20, solução, replay e limpeza (28.644846ms)
✔ Feedback extenso preserva controles e conteúdo como texto (sem medição CSS) (11.272532ms)
✔ input mostra pergunta, recebe texto exato, fecha e permite nova entrada (16.501525ms)
✔ Restaurar durante input cancela execução sem perder vidas (32.063328ms)
✔ Anterior/próxima preservam rascunho e usam fade; fase bloqueada não navega (7.646439ms)
✔ Todos os estados visuais das entidades apontam para texturas catalogadas (3.820576ms)
✔ Menu mostra progresso e abre a atividade disponível sem perfil (3.659023ms)
ℹ tests 146
ℹ suites 0
ℹ pass 146
ℹ fail 0
ℹ cancelled 0
ℹ skipped 0
ℹ todo 0
ℹ duration_ms 521.578506
